Archive member included to satisfy reference by file (symbol)

c:/progra~2/gnuarm~1/102021~1.10/bin/../lib/gcc/arm-none-eabi/10.3.1/thumb/v6-m/nofp\libgcc.a(_dvmd_tls.o)
                              CMakeFiles/picow_pinmapper.dir/C_/Users/ASUS/.pico-sdk/sdk/1.5.1/src/rp2_common/pico_divider/divider.S.obj (__aeabi_idiv0)
c:/progra~2/gnuarm~1/102021~1.10/bin/../lib/gcc/arm-none-eabi/10.3.1/../../../../arm-none-eabi/lib/thumb/v6-m/nofp\libg.a(lib_a-calloc.o)
                              CMakeFiles/picow_pinmapper.dir/C_/Users/ASUS/.pico-sdk/sdk/1.5.1/src/rp2_common/pico_malloc/pico_malloc.c.obj (calloc)
c:/progra~2/gnuarm~1/102021~1.10/bin/../lib/gcc/arm-none-eabi/10.3.1/../../../../arm-none-eabi/lib/thumb/v6-m/nofp\libg.a(lib_a-callocr.o)
                              c:/progra~2/gnuarm~1/102021~1.10/bin/../lib/gcc/arm-none-eabi/10.3.1/../../../../arm-none-eabi/lib/thumb/v6-m/nofp\libg.a(lib_a-calloc.o) (_calloc_r)
c:/progra~2/gnuarm~1/102021~1.10/bin/../lib/gcc/arm-none-eabi/10.3.1/../../../../arm-none-eabi/lib/thumb/v6-m/nofp\libg.a(lib_a-errno.o)
                              c:/progra~2/gnuarm~1/102021~1.10/bin/../lib/gcc/arm-none-eabi/10.3.1/../../../../arm-none-eabi/lib/thumb/v6-m/nofp\libg.a(lib_a-callocr.o) (__errno)
c:/progra~2/gnuarm~1/102021~1.10/bin/../lib/gcc/arm-none-eabi/10.3.1/../../../../arm-none-eabi/lib/thumb/v6-m/nofp\libg.a(lib_a-impure.o)
                              c:/progra~2/gnuarm~1/102021~1.10/bin/../lib/gcc/arm-none-eabi/10.3.1/../../../../arm-none-eabi/lib/thumb/v6-m/nofp\libg.a(lib_a-calloc.o) (_impure_ptr)
c:/progra~2/gnuarm~1/102021~1.10/bin/../lib/gcc/arm-none-eabi/10.3.1/../../../../arm-none-eabi/lib/thumb/v6-m/nofp\libg.a(lib_a-init.o)
                              c:/progra~2/gnuarm~1/102021~1.10/bin/../lib/gcc/arm-none-eabi/10.3.1/../../../../arm-none-eabi/lib/thumb/v6-m/nofp/crt0.o (__libc_init_array)
c:/progra~2/gnuarm~1/102021~1.10/bin/../lib/gcc/arm-none-eabi/10.3.1/../../../../arm-none-eabi/lib/thumb/v6-m/nofp\libg.a(lib_a-malloc.o)
                              CMakeFiles/picow_pinmapper.dir/C_/Users/ASUS/.pico-sdk/sdk/1.5.1/src/rp2_common/pico_malloc/pico_malloc.c.obj (malloc)
c:/progra~2/gnuarm~1/102021~1.10/bin/../lib/gcc/arm-none-eabi/10.3.1/../../../../arm-none-eabi/lib/thumb/v6-m/nofp\libg.a(lib_a-mallocr.o)
                              c:/progra~2/gnuarm~1/102021~1.10/bin/../lib/gcc/arm-none-eabi/10.3.1/../../../../arm-none-eabi/lib/thumb/v6-m/nofp\libg.a(lib_a-callocr.o) (_malloc_r)
c:/progra~2/gnuarm~1/102021~1.10/bin/../lib/gcc/arm-none-eabi/10.3.1/../../../../arm-none-eabi/lib/thumb/v6-m/nofp\libg.a(lib_a-memcmp.o)
                              CMakeFiles/picow_pinmapper.dir/C_/Users/ASUS/.pico-sdk/sdk/1.5.1/lib/cyw43-driver/src/cyw43_ll.c.obj (memcmp)
c:/progra~2/gnuarm~1/102021~1.10/bin/../lib/gcc/arm-none-eabi/10.3.1/../../../../arm-none-eabi/lib/thumb/v6-m/nofp\libg.a(lib_a-memmove.o)
                              CMakeFiles/picow_pinmapper.dir/C_/Users/ASUS/.pico-sdk/sdk/1.5.1/lib/cyw43-driver/src/cyw43_ll.c.obj (memmove)
c:/progra~2/gnuarm~1/102021~1.10/bin/../lib/gcc/arm-none-eabi/10.3.1/../../../../arm-none-eabi/lib/thumb/v6-m/nofp\libg.a(lib_a-mlock.o)
                              c:/progra~2/gnuarm~1/102021~1.10/bin/../lib/gcc/arm-none-eabi/10.3.1/../../../../arm-none-eabi/lib/thumb/v6-m/nofp\libg.a(lib_a-mallocr.o) (__malloc_lock)
c:/progra~2/gnuarm~1/102021~1.10/bin/../lib/gcc/arm-none-eabi/10.3.1/../../../../arm-none-eabi/lib/thumb/v6-m/nofp\libg.a(lib_a-realloc.o)
                              CMakeFiles/picow_pinmapper.dir/C_/Users/ASUS/.pico-sdk/sdk/1.5.1/src/rp2_common/pico_malloc/pico_malloc.c.obj (realloc)
c:/progra~2/gnuarm~1/102021~1.10/bin/../lib/gcc/arm-none-eabi/10.3.1/../../../../arm-none-eabi/lib/thumb/v6-m/nofp\libg.a(lib_a-reallocr.o)
                              c:/progra~2/gnuarm~1/102021~1.10/bin/../lib/gcc/arm-none-eabi/10.3.1/../../../../arm-none-eabi/lib/thumb/v6-m/nofp\libg.a(lib_a-realloc.o) (_realloc_r)
c:/progra~2/gnuarm~1/102021~1.10/bin/../lib/gcc/arm-none-eabi/10.3.1/../../../../arm-none-eabi/lib/thumb/v6-m/nofp\libg.a(lib_a-sbrkr.o)
                              c:/progra~2/gnuarm~1/102021~1.10/bin/../lib/gcc/arm-none-eabi/10.3.1/../../../../arm-none-eabi/lib/thumb/v6-m/nofp\libg.a(lib_a-mallocr.o) (_sbrk_r)
c:/progra~2/gnuarm~1/102021~1.10/bin/../lib/gcc/arm-none-eabi/10.3.1/../../../../arm-none-eabi/lib/thumb/v6-m/nofp\libg.a(lib_a-strlen-stub.o)
                              CMakeFiles/picow_pinmapper.dir/C_/Users/ASUS/.pico-sdk/sdk/1.5.1/src/rp2_common/pico_stdio/stdio.c.obj (strlen)
c:/progra~2/gnuarm~1/102021~1.10/bin/../lib/gcc/arm-none-eabi/10.3.1/../../../../arm-none-eabi/lib/thumb/v6-m/nofp\libg.a(lib_a-strncmp.o)
                              CMakeFiles/picow_pinmapper.dir/C_/Users/ASUS/.pico-sdk/sdk/1.5.1/lib/cyw43-driver/src/cyw43_ll.c.obj (strncmp)
c:/progra~2/gnuarm~1/102021~1.10/bin/../lib/gcc/arm-none-eabi/10.3.1/../../../../arm-none-eabi/lib/thumb/v6-m/nofp\libg.a(lib_a-freer.o)
[...]
Memory Configuration

Name             Origin             Length             Attributes
FLASH            0x10000000         0x00200000         xr
RAM              0x20000000         0x00040000         xrw
SCRATCH_X        0x20040000         0x00001000         xrw
SCRATCH_Y        0x20041000         0x00001000         xrw
*default*        0x00000000         0xffffffff

Linker script and memory map

LOAD c:/progra~2/gnuarm~1/102021~1.10/bin/../lib/gcc/arm-none-eabi/10.3.1/thumb/v6-m/nofp/crti.o
LOAD c:/progra~2/gnuarm~1/102021~1.10/bin/../lib/gcc/arm-none-eabi/10.3.1/thumb/v6-m/nofp/crtbegin.o
LOAD c:/progra~2/gnuarm~1/102021~1.10/bin/../lib/gcc/arm-none-eabi/10.3.1/../../../../arm-none-eabi/lib/thumb/v6-m/nofp/crt0.o

.flash_begin    0x10000000        0x0
                0x10000000                __flash_binary_start = .

.boot2          0x10000000      0x100
                0x10000000                __boot2_start__ = .
 *(.boot2)
 .boot2         0x10000000      0x100 C:\Users\ASUS\AppData\Local\Temp\ccAvdpkA.o
                0x10000100                __boot2_end__ = .
                0x00000001                ASSERT (((__boot2_end__ - __boot2_start__) == 0x100), ERROR: Pico second stage bootloader must be 256 bytes in size)

.text           0x10000100     0x69f8
                0x10000100                __logical_binary_start = .
 *(.vectors)
 .vectors       0x10000100       0xd4 CMakeFiles/picow_pinmapper.dir/C_/Users/ASUS/.pico-sdk/sdk/1.5.1/src/rp2_common/pico_standard_link/crt0.S.obj
                0x10000100                __VECTOR_TABLE
                0x10000100                __vectors
                0x100001c0                isr_invalid
                0x100001c0                __default_isrs_start
                0x100001c2                isr_nmi
                0x100001c4                isr_hardfault
                0x100001c6                isr_svcall
                0x100001c8                isr_pendsv
                0x100001ca                isr_systick
                0x100001cc                isr_irq23
                0x100001cc                isr_irq18
                0x100001cc                isr_irq11
                0x100001cc                isr_irq28
                0x100001cc                isr_irq19
                0x100001cc                isr_irq0
                0x100001cc                isr_irq6
                0x100001cc                isr_irq5
                0x100001cc                isr_irq12
                0x100001cc                isr_irq22
                0x100001cc                isr_irq31
                0x100001cc                isr_irq17
                0x100001cc                isr_irq27
                0x100001cc                isr_irq30
                0x100001cc                isr_irq2
                0x100001cc                isr_irq10
                0x100001cc                isr_irq8
                0x100001cc                isr_irq24
                0x100001cc                isr_irq1
                0x100001cc                isr_irq7
                0x100001cc                isr_irq21
                0x100001cc                isr_irq20
                0x100001cc                isr_irq15
                0x100001cc                isr_irq25
                0x100001cc                isr_irq13
                0x100001cc                __unhandled_user_irq
                0x100001cc                isr_irq4
                0x100001cc                isr_irq16
                0x100001cc                isr_irq29
                0x100001cc                isr_irq26
                0x100001cc                __default_isrs_end
                0x100001cc                isr_irq3
                0x100001cc                isr_irq14
                0x100001cc                isr_irq9
                0x100001d2                unhandled_user_irq_num_in_r0
 *(.binary_info_header)
 .binary_info_header
                0x100001d4       0x14 CMakeFiles/picow_pinmapper.dir/C_/Users/ASUS/.pico-sdk/sdk/1.5.1/src/rp2_common/pico_standard_link/crt0.S.obj
                0x100001e8                __binary_info_header_end = .
 *(.reset)
 .reset         0x100001e8       0xa0 CMakeFiles/picow_pinmapper.dir/C_/Users/ASUS/.pico-sdk/sdk/1.5.1/src/rp2_common/pico_standard_link/crt0.S.obj
                0x100001e8                _entry_point
 .reset         0x10000288       0x30 CMakeFiles/picow_pinmapper.dir/C_/Users/ASUS/.pico-sdk/sdk/1.5.1/src/rp2_common/pico_standard_link/binary_info.c.obj
 *(.init)
 .init          0x100002b8        0x4 c:/progra~2/gnuarm~1/102021~1.10/bin/../lib/gcc/arm-none-eabi/10.3.1/thumb/v6-m/nofp/crti.o
                0x100002b8                _init
 *(EXCLUDE_FILE(*libm.a: *libc.a:*lib_a-mem*.o *libgcc.a:) .text*)
 .text          0x100002bc       0x48 c:/progra~2/gnuarm~1/102021~1.10/bin/../lib/gcc/arm-none-eabi/10.3.1/thumb/v6-m/nofp/crtbegin.o
 .text.main     0x10000304      0x138 CMakeFiles/picow_pinmapper.dir/picow_pinmapper.c.obj
                0x10000304                main
 .text.gpio_set_function
                0x1000043c       0x30 CMakeFiles/picow_pinmapper.dir/C_/Users/ASUS/.pico-sdk/sdk/1.5.1/src/rp2_common/hardware_gpio/gpio.c.obj
                0x1000043c                gpio_set_function
 .text.gpio_set_pulls
                0x1000046c       0x34 CMakeFiles/picow_pinmapper.dir/C_/Users/ASUS/.pico-sdk/sdk/1.5.1/src/rp2_common/hardware_gpio/gpio.c.obj
                0x1000046c                gpio_set_pulls
 .text.gpio_init
                0x100004a0       0x16 CMakeFiles/picow_pinmapper.dir/C_/Users/ASUS/.pico-sdk/sdk/1.5.1/src/rp2_common/hardware_gpio/gpio.c.obj
                0x100004a0                gpio_init
 *fill*         0x100004b6        0x2 
 .text.running_on_fpga
                0x100004b8       0x14 CMakeFiles/picow_pinmapper.dir/C_/Users/ASUS/.pico-sdk/sdk/1.5.1/src/rp2_common/pico_platform/platform.c.obj
                0x100004b8                running_on_fpga
 .text.hw_claim_lock
                0x100004cc       0x18 CMakeFiles/picow_pinmapper.dir/C_/Users/ASUS/.pico-sdk/sdk/1.5.1/src/rp2_common/hardware_claim/claim.c.obj
                0x100004cc                hw_claim_lock
 .text.hw_claim_unlock
                0x100004e4       0x14 CMakeFiles/picow_pinmapper.dir/C_/Users/ASUS/.pico-sdk/sdk/1.5.1/src/rp2_common/hardware_claim/claim.c.obj
                0x100004e4                hw_claim_unlock
 .text.hw_claim_or_assert
                0x100004f8       0x32 CMakeFiles/picow_pinmapper.dir/C_/Users/ASUS/.pico-sdk/sdk/1.5.1/src/rp2_common/hardware_claim/claim.c.obj
                0x100004f8                hw_claim_or_assert
 .text.hw_claim_unused_from_range
                0x1000052a       0x50 CMakeFiles/picow_pinmapper.dir/C_/Users/ASUS/.pico-sdk/sdk/1.5.1/src/rp2_common/hardware_claim/claim.c.obj
                0x1000052a                hw_claim_unused_from_range
 *fill*         0x1000057a        0x2 
 .text.spin_locks_reset
                0x1000057c       0x20 CMakeFiles/picow_pinmapper.dir/C_/Users/ASUS/.pico-sdk/sdk/1.5.1/src/rp2_common/hardware_sync/sync.c.obj
                0x1000057c                spin_locks_reset
 .text.next_striped_spin_lock_num
                0x1000059c       0x1c CMakeFiles/picow_pinmapper.dir/C_/Users/ASUS/.pico-sdk/sdk/1.5.1/src/rp2_common/hardware_sync/sync.c.obj
                0x1000059c                next_striped_spin_lock_num
 .text.spin_lock_claim_unused
                0x100005b8       0x20 CMakeFiles/picow_pinmapper.dir/C_/Users/ASUS/.pico-sdk/sdk/1.5.1/src/rp2_common/hardware_sync/sync.c.obj
                0x100005b8                spin_lock_claim_unused
 .text.set_raw_irq_handler_and_unlock
                0x100005d8       0x28 CMakeFiles/picow_pinmapper.dir/C_/Users/ASUS/.pico-sdk/sdk/1.5.1/src/rp2_common/hardware_irq/irq.c.obj
 .text.make_branch
                0x10000600       0x48 CMakeFiles/picow_pinmapper.dir/C_/Users/ASUS/.pico-sdk/sdk/1.5.1/src/rp2_common/hardware_irq/irq.c.obj
 .text.insert_branch_and_link
                0x10000648       0x40 CMakeFiles/picow_pinmapper.dir/C_/Users/ASUS/.pico-sdk/sdk/1.5.1/src/rp2_common/hardware_irq/irq.c.obj
 .text.irq_is_enabled
                0x10000688       0x18 CMakeFiles/picow_pinmapper.dir/C_/Users/ASUS/.pico-sdk/sdk/1.5.1/src/rp2_common/hardware_irq/irq.c.obj
                0x10000688                irq_is_enabled
 .text.irq_set_mask_enabled
                0x100006a0       0x20 CMakeFiles/picow_pinmapper.dir/C_/Users/ASUS/.pico-sdk/sdk/1.5.1/src/rp2_common/hardware_irq/irq.c.obj
                0x100006a0                irq_set_mask_enabled
 .text.irq_set_enabled
                0x100006c0        0xe CMakeFiles/picow_pinmapper.dir/C_/Users/ASUS/.pico-sdk/sdk/1.5.1/src/rp2_common/hardware_irq/irq.c.obj
                0x100006c0                irq_set_enabled
 *fill*         0x100006ce        0x2 
 .text.irq_set_pending
                0x100006d0       0x10 CMakeFiles/picow_pinmapper.dir/C_/Users/ASUS/.pico-sdk/sdk/1.5.1/src/rp2_common/hardware_irq/irq.c.obj
                0x100006d0                irq_set_pending
 .text.irq_get_vtable_handler
                0x100006e0       0x10 CMakeFiles/picow_pinmapper.dir/C_/Users/ASUS/.pico-sdk/sdk/1.5.1/src/rp2_common/hardware_irq/irq.c.obj
                0x100006e0                irq_get_vtable_handler
 .text.irq_has_shared_handler
                0x100006f0       0x24 CMakeFiles/picow_pinmapper.dir/C_/Users/ASUS/.pico-sdk/sdk/1.5.1/src/rp2_common/hardware_irq/irq.c.obj
                0x100006f0                irq_has_shared_handler
 .text.irq_set_exclusive_handler
                0x10000714       0x54 CMakeFiles/picow_pinmapper.dir/C_/Users/ASUS/.pico-sdk/sdk/1.5.1/src/rp2_common/hardware_irq/irq.c.obj
                0x10000714                irq_set_exclusive_handler
 .text.irq_add_shared_handler
                0x10000768      0x234 CMakeFiles/picow_pinmapper.dir/C_/Users/ASUS/.pico-sdk/sdk/1.5.1/src/rp2_common/hardware_irq/irq.c.obj
                0x10000768                irq_add_shared_handler
 .text.irq_remove_handler
                0x1000099c      0x1ac CMakeFiles/picow_pinmapper.dir/C_/Users/ASUS/.pico-sdk/sdk/1.5.1/src/rp2_common/hardware_irq/irq.c.obj
                0x1000099c                irq_remove_handler
 .text.irq_add_tail_to_free_list
                0x10000b48       0xf0 CMakeFiles/picow_pinmapper.dir/C_/Users/ASUS/.pico-sdk/sdk/1.5.1/src/rp2_common/hardware_irq/irq.c.obj
                0x10000b48                irq_add_tail_to_free_list
 .text.irq_init_priorities
                0x10000c38       0x1c CMakeFiles/picow_pinmapper.dir/C_/Users/ASUS/.pico-sdk/sdk/1.5.1/src/rp2_common/hardware_irq/irq.c.obj
                0x10000c38                irq_init_priorities
 .text.user_irq_claim_unused
                0x10000c54       0x28 CMakeFiles/picow_pinmapper.dir/C_/Users/ASUS/.pico-sdk/sdk/1.5.1/src/rp2_common/hardware_irq/irq.c.obj
                0x10000c54                user_irq_claim_unused
 .text.lock_init
                0x10000c7c       0x10 CMakeFiles/picow_pinmapper.dir/C_/Users/ASUS/.pico-sdk/sdk/1.5.1/src/common/pico_sync/lock_core.c.obj
                0x10000c7c                lock_init
 .text.mutex_init
                0x10000c8c       0x1a CMakeFiles/picow_pinmapper.dir/C_/Users/ASUS/.pico-sdk/sdk/1.5.1/src/common/pico_sync/mutex.c.obj
                0x10000c8c                mutex_init
 .text.recursive_mutex_init
                0x10000ca6       0x1e CMakeFiles/picow_pinmapper.dir/C_/Users/ASUS/.pico-sdk/sdk/1.5.1/src/common/pico_sync/mutex.c.obj
                0x10000ca6                recursive_mutex_init
 .text.critical_section_init_with_lock_num
                0x10000cc4       0x14 CMakeFiles/picow_pinmapper.dir/C_/Users/ASUS/.pico-sdk/sdk/1.5.1/src/common/pico_sync/critical_section.c.obj
                0x10000cc4                critical_section_init_with_lock_num
 .text.critical_section_init
                0x10000cd8       0x14 CMakeFiles/picow_pinmapper.dir/C_/Users/ASUS/.pico-sdk/sdk/1.5.1/src/common/pico_sync/critical_section.c.obj
                0x10000cd8                critical_section_init
 .text.alarm_pool_post_alloc_init
                0x10000cec       0x40 CMakeFiles/picow_pinmapper.dir/C_/Users/ASUS/.pico-sdk/sdk/1.5.1/src/common/pico_time/time.c.obj
 .text.sleep_until_callback
                0x10000d2c       0x30 CMakeFiles/picow_pinmapper.dir/C_/Users/ASUS/.pico-sdk/sdk/1.5.1/src/common/pico_time/time.c.obj
 .text.timer_pool_entry_comparator
                0x10000d5c       0x7c CMakeFiles/picow_pinmapper.dir/C_/Users/ASUS/.pico-sdk/sdk/1.5.1/src/common/pico_time/time.c.obj
                0x10000d5c                timer_pool_entry_comparator
 .text.ph_add_child_node
                0x10000dd8       0xa4 CMakeFiles/picow_pinmapper.dir/C_/Users/ASUS/.pico-sdk/sdk/1.5.1/src/common/pico_time/time.c.obj
 .text.ph_merge_nodes
                0x10000e7c       0x3e CMakeFiles/picow_pinmapper.dir/C_/Users/ASUS/.pico-sdk/sdk/1.5.1/src/common/pico_time/time.c.obj
 *fill*         0x10000eba        0x2 
 .text.add_alarm_under_lock
                0x10000ebc      0x174 CMakeFiles/picow_pinmapper.dir/C_/Users/ASUS/.pico-sdk/sdk/1.5.1/src/common/pico_time/time.c.obj
 .text.alarm_pool_alarm_callback
                0x10001030      0x33c CMakeFiles/picow_pinmapper.dir/C_/Users/ASUS/.pico-sdk/sdk/1.5.1/src/common/pico_time/time.c.obj
 .text.alarm_pool_init_default
                0x1000136c       0x40 CMakeFiles/picow_pinmapper.dir/C_/Users/ASUS/.pico-sdk/sdk/1.5.1/src/common/pico_time/time.c.obj
                0x1000136c                alarm_pool_init_default
 .text.alarm_pool_get_default
                0x100013ac       0x2c CMakeFiles/picow_pinmapper.dir/C_/Users/ASUS/.pico-sdk/sdk/1.5.1/src/common/pico_time/time.c.obj
                0x100013ac                alarm_pool_get_default
 .text.alarm_pool_add_alarm_at
                0x100013d8      0x168 CMakeFiles/picow_pinmapper.dir/C_/Users/ASUS/.pico-sdk/sdk/1.5.1/src/common/pico_time/time.c.obj
                0x100013d8                alarm_pool_add_alarm_at
 .text.alarm_pool_cancel_alarm
                0x10001540       0xf8 CMakeFiles/picow_pinmapper.dir/C_/Users/ASUS/.pico-sdk/sdk/1.5.1/src/common/pico_time/time.c.obj
                0x10001540                alarm_pool_cancel_alarm
 .text.alarm_pool_core_num
                0x10001638        0x4 CMakeFiles/picow_pinmapper.dir/C_/Users/ASUS/.pico-sdk/sdk/1.5.1/src/common/pico_time/time.c.obj
                0x10001638                alarm_pool_core_num
 .text.sleep_until
                0x1000163c       0xfc CMakeFiles/picow_pinmapper.dir/C_/Users/ASUS/.pico-sdk/sdk/1.5.1/src/common/pico_time/time.c.obj
                0x1000163c                sleep_until
 .text.sleep_us
                0x10001738       0x58 CMakeFiles/picow_pinmapper.dir/C_/Users/ASUS/.pico-sdk/sdk/1.5.1/src/common/pico_time/time.c.obj
                0x10001738                sleep_us
 .text.sleep_ms
                0x10001790       0x14 CMakeFiles/picow_pinmapper.dir/C_/Users/ASUS/.pico-sdk/sdk/1.5.1/src/common/pico_time/time.c.obj
                0x10001790                sleep_ms
 .text.best_effort_wfe_or_timeout
                0x100017a4       0xac CMakeFiles/picow_pinmapper.dir/C_/Users/ASUS/.pico-sdk/sdk/1.5.1/src/common/pico_time/time.c.obj
                0x100017a4                best_effort_wfe_or_timeout
 .text.hardware_alarm_irq_handler
                0x10001850       0x90 CMakeFiles/picow_pinmapper.dir/C_/Users/ASUS/.pico-sdk/sdk/1.5.1/src/rp2_common/hardware_timer/timer.c.obj
 .text.hardware_alarm_claim
                0x100018e0       0x18 CMakeFiles/picow_pinmapper.dir/C_/Users/ASUS/.pico-sdk/sdk/1.5.1/src/rp2_common/hardware_timer/timer.c.obj
                0x100018e0                hardware_alarm_claim
 .text.time_us_64
                0x100018f8       0x18 CMakeFiles/picow_pinmapper.dir/C_/Users/ASUS/.pico-sdk/sdk/1.5.1/src/rp2_common/hardware_timer/timer.c.obj
                0x100018f8                time_us_64
 .text.busy_wait_until
                0x10001910       0x28 CMakeFiles/picow_pinmapper.dir/C_/Users/ASUS/.pico-sdk/sdk/1.5.1/src/rp2_common/hardware_timer/timer.c.obj
                0x10001910                busy_wait_until
 .text.busy_wait_us
                0x10001938       0x48 CMakeFiles/picow_pinmapper.dir/C_/Users/ASUS/.pico-sdk/sdk/1.5.1/src/rp2_common/hardware_timer/timer.c.obj
                0x10001938                busy_wait_us
 .text.hardware_alarm_set_callback
                0x10001980       0x90 CMakeFiles/picow_pinmapper.dir/C_/Users/ASUS/.pico-sdk/sdk/1.5.1/src/rp2_common/hardware_timer/timer.c.obj
                0x10001980                hardware_alarm_set_callback
 .text.hardware_alarm_set_target
                0x10001a10       0xe8 CMakeFiles/picow_pinmapper.dir/C_/Users/ASUS/.pico-sdk/sdk/1.5.1/src/rp2_common/hardware_timer/timer.c.obj
                0x10001a10                hardware_alarm_set_target
 .text.hardware_alarm_cancel
                0x10001af8       0x40 CMakeFiles/picow_pinmapper.dir/C_/Users/ASUS/.pico-sdk/sdk/1.5.1/src/rp2_common/hardware_timer/timer.c.obj
                0x10001af8                hardware_alarm_cancel
 .text.ph_add_child_node
                0x10001b38       0xa4 CMakeFiles/picow_pinmapper.dir/C_/Users/ASUS/.pico-sdk/sdk/1.5.1/src/common/pico_util/pheap.c.obj
 .text.ph_merge_nodes
                0x10001bdc       0x3e CMakeFiles/picow_pinmapper.dir/C_/Users/ASUS/.pico-sdk/sdk/1.5.1/src/common/pico_util/pheap.c.obj
 *fill*         0x10001c1a        0x2 
 .text.ph_clear
                0x10001c1c       0x70 CMakeFiles/picow_pinmapper.dir/C_/Users/ASUS/.pico-sdk/sdk/1.5.1/src/common/pico_util/pheap.c.obj
                0x10001c1c                ph_clear
 .text.ph_post_alloc_init
                0x10001c8c        0xe CMakeFiles/picow_pinmapper.dir/C_/Users/ASUS/.pico-sdk/sdk/1.5.1/src/common/pico_util/pheap.c.obj
                0x10001c8c                ph_post_alloc_init
 *fill*         0x10001c9a        0x2 
 .text.ph_merge_two_pass
                0x10001c9c       0xa8 CMakeFiles/picow_pinmapper.dir/C_/Users/ASUS/.pico-sdk/sdk/1.5.1/src/common/pico_util/pheap.c.obj
                0x10001c9c                ph_merge_two_pass
 .text.ph_remove_any_head
                0x10001d44      0x128 CMakeFiles/picow_pinmapper.dir/C_/Users/ASUS/.pico-sdk/sdk/1.5.1/src/common/pico_util/pheap.c.obj
 .text.ph_remove_head
                0x10001e6c       0x14 CMakeFiles/picow_pinmapper.dir/C_/Users/ASUS/.pico-sdk/sdk/1.5.1/src/common/pico_util/pheap.c.obj
                0x10001e6c                ph_remove_head
 .text.ph_remove_and_free_node
                0x10001e80       0xf8 CMakeFiles/picow_pinmapper.dir/C_/Users/ASUS/.pico-sdk/sdk/1.5.1/src/common/pico_util/pheap.c.obj
                0x10001e80                ph_remove_and_free_node
 .text.uart_disable_before_lcr_write
                0x10001f78       0x48 CMakeFiles/picow_pinmapper.dir/C_/Users/ASUS/.pico-sdk/sdk/1.5.1/src/rp2_common/hardware_uart/uart.c.obj
 .text.uart_write_lcr_bits_masked
                0x10001fc0       0x22 CMakeFiles/picow_pinmapper.dir/C_/Users/ASUS/.pico-sdk/sdk/1.5.1/src/rp2_common/hardware_uart/uart.c.obj
 *fill*         0x10001fe2        0x2 
 .text.uart_set_baudrate
                0x10001fe4       0x5c CMakeFiles/picow_pinmapper.dir/C_/Users/ASUS/.pico-sdk/sdk/1.5.1/src/rp2_common/hardware_uart/uart.c.obj
                0x10001fe4                uart_set_baudrate
 .text.uart_set_format
                0x10002040       0x2c CMakeFiles/picow_pinmapper.dir/C_/Users/ASUS/.pico-sdk/sdk/1.5.1/src/rp2_common/hardware_uart/uart.c.obj
                0x10002040                uart_set_format
 .text.uart_set_translate_crlf
                0x1000206c       0x28 CMakeFiles/picow_pinmapper.dir/C_/Users/ASUS/.pico-sdk/sdk/1.5.1/src/rp2_common/hardware_uart/uart.c.obj
                0x1000206c                uart_set_translate_crlf
 .text.uart_init
                0x10002094       0x80 CMakeFiles/picow_pinmapper.dir/C_/Users/ASUS/.pico-sdk/sdk/1.5.1/src/rp2_common/hardware_uart/uart.c.obj
                0x10002094                uart_init
 .text.clock_configure
                0x10002114      0x108 CMakeFiles/picow_pinmapper.dir/C_/Users/ASUS/.pico-sdk/sdk/1.5.1/src/rp2_common/hardware_clocks/clocks.c.obj
                0x10002114                clock_configure
 .text.clocks_init
                0x1000221c      0x100 CMakeFiles/picow_pinmapper.dir/C_/Users/ASUS/.pico-sdk/sdk/1.5.1/src/rp2_common/hardware_clocks/clocks.c.obj
                0x1000221c                clocks_init
 .text.clock_get_hz
                0x1000231c        0xc CMakeFiles/picow_pinmapper.dir/C_/Users/ASUS/.pico-sdk/sdk/1.5.1/src/rp2_common/hardware_clocks/clocks.c.obj
                0x1000231c                clock_get_hz
 .text.pll_init
                0x10002328      0x120 CMakeFiles/picow_pinmapper.dir/C_/Users/ASUS/.pico-sdk/sdk/1.5.1/src/rp2_common/hardware_pll/pll.c.obj
                0x10002328                pll_init
 .text.watchdog_start_tick
                0x10002448       0x10 CMakeFiles/picow_pinmapper.dir/C_/Users/ASUS/.pico-sdk/sdk/1.5.1/src/rp2_common/hardware_watchdog/watchdog.c.obj
                0x10002448                watchdog_start_tick
 .text.watchdog_update
                0x10002458       0x14 CMakeFiles/picow_pinmapper.dir/C_/Users/ASUS/.pico-sdk/sdk/1.5.1/src/rp2_common/hardware_watchdog/watchdog.c.obj
                0x10002458                watchdog_update
 .text._watchdog_enable
                0x1000246c       0x78 CMakeFiles/picow_pinmapper.dir/C_/Users/ASUS/.pico-sdk/sdk/1.5.1/src/rp2_common/hardware_watchdog/watchdog.c.obj
                0x1000246c                _watchdog_enable
 .text.watchdog_reboot
                0x100024e4       0x48 CMakeFiles/picow_pinmapper.dir/C_/Users/ASUS/.pico-sdk/sdk/1.5.1/src/rp2_common/hardware_watchdog/watchdog.c.obj
                0x100024e4                watchdog_reboot
 .text.xosc_init
                0x1000252c       0x28 CMakeFiles/picow_pinmapper.dir/C_/Users/ASUS/.pico-sdk/sdk/1.5.1/src/rp2_common/hardware_xosc/xosc.c.obj
                0x1000252c                xosc_init
 .text._exit    0x10002554        0x4 CMakeFiles/picow_pinmapper.dir/C_/Users/ASUS/.pico-sdk/sdk/1.5.1/src/rp2_common/pico_runtime/runtime.c.obj
                0x10002554                _exit
 .text.exit     0x10002558        0x6 CMakeFiles/picow_pinmapper.dir/C_/Users/ASUS/.pico-sdk/sdk/1.5.1/src/rp2_common/pico_runtime/runtime.c.obj
                0x10002558                exit
 *fill*         0x1000255e        0x2 
 .text.__assert_func
                0x10002560       0x3c CMakeFiles/picow_pinmapper.dir/C_/Users/ASUS/.pico-sdk/sdk/1.5.1/src/rp2_common/pico_runtime/runtime.c.obj
                0x10002560                __assert_func
 .text.runtime_init
                0x1000259c       0xf8 CMakeFiles/picow_pinmapper.dir/C_/Users/ASUS/.pico-sdk/sdk/1.5.1/src/rp2_common/pico_runtime/runtime.c.obj
                0x1000259c                runtime_init
 .text.panic    0x10002694       0x30 CMakeFiles/picow_pinmapper.dir/C_/Users/ASUS/.pico-sdk/sdk/1.5.1/src/rp2_common/pico_runtime/runtime.c.obj
                0x10002694                panic
 .text._out_null
                0x100026c4        0x2 CMakeFiles/picow_pinmapper.dir/C_/Users/ASUS/.pico-sdk/sdk/1.5.1/src/rp2_common/pico_printf/printf.c.obj
 .text._out_fct
                0x100026c6        0xe CMakeFiles/picow_pinmapper.dir/C_/Users/ASUS/.pico-sdk/sdk/1.5.1/src/rp2_common/pico_printf/printf.c.obj
 .text._atoi    0x100026d4       0x24 CMakeFiles/picow_pinmapper.dir/C_/Users/ASUS/.pico-sdk/sdk/1.5.1/src/rp2_common/pico_printf/printf.c.obj
 .text._out_rev
                0x100026f8       0xae CMakeFiles/picow_pinmapper.dir/C_/Users/ASUS/.pico-sdk/sdk/1.5.1/src/rp2_common/pico_printf/printf.c.obj
 .text._ntoa_format
                0x100027a6      0x112 CMakeFiles/picow_pinmapper.dir/C_/Users/ASUS/.pico-sdk/sdk/1.5.1/src/rp2_common/pico_printf/printf.c.obj
 .text._ntoa_long
                0x100028b8       0xbc CMakeFiles/picow_pinmapper.dir/C_/Users/ASUS/.pico-sdk/sdk/1.5.1/src/rp2_common/pico_printf/printf.c.obj
 .text._ntoa_long_long
                0x10002974       0xe2 CMakeFiles/picow_pinmapper.dir/C_/Users/ASUS/.pico-sdk/sdk/1.5.1/src/rp2_common/pico_printf/printf.c.obj
 *fill*         0x10002a56        0x2 
 .text._etoa    0x10002a58      0x414 CMakeFiles/picow_pinmapper.dir/C_/Users/ASUS/.pico-sdk/sdk/1.5.1/src/rp2_common/pico_printf/printf.c.obj
 .text._ftoa    0x10002e6c      0x354 CMakeFiles/picow_pinmapper.dir/C_/Users/ASUS/.pico-sdk/sdk/1.5.1/src/rp2_common/pico_printf/printf.c.obj
 .text._vsnprintf
                0x100031c0      0x624 CMakeFiles/picow_pinmapper.dir/C_/Users/ASUS/.pico-sdk/sdk/1.5.1/src/rp2_common/pico_printf/printf.c.obj
 .text.vfctprintf
                0x100037e4       0x20 CMakeFiles/picow_pinmapper.dir/C_/Users/ASUS/.pico-sdk/sdk/1.5.1/src/rp2_common/pico_printf/printf.c.obj
                0x100037e4                vfctprintf
 .text          0x10003804       0x10 CMakeFiles/picow_pinmapper.dir/C_/Users/ASUS/.pico-sdk/sdk/1.5.1/src/rp2_common/pico_bit_ops/bit_ops_aeabi.S.obj
 .text.rom_func_lookup
                0x10003814       0x10 CMakeFiles/picow_pinmapper.dir/C_/Users/ASUS/.pico-sdk/sdk/1.5.1/src/rp2_common/pico_bootrom/bootrom.c.obj
                0x10003814                rom_func_lookup
 .text.rom_data_lookup
                0x10003824       0x10 CMakeFiles/picow_pinmapper.dir/C_/Users/ASUS/.pico-sdk/sdk/1.5.1/src/rp2_common/pico_bootrom/bootrom.c.obj
                0x10003824                rom_data_lookup
 .text.rom_funcs_lookup
                0x10003834       0x36 CMakeFiles/picow_pinmapper.dir/C_/Users/ASUS/.pico-sdk/sdk/1.5.1/src/rp2_common/pico_bootrom/bootrom.c.obj
                0x10003834                rom_funcs_lookup
 *fill*         0x1000386a        0x2 
 .text.__wrap___aeabi_idiv
                0x1000386c       0x50 CMakeFiles/picow_pinmapper.dir/C_/Users/ASUS/.pico-sdk/sdk/1.5.1/src/rp2_common/pico_divider/divider.S.obj
                0x1000386c                __wrap___aeabi_idivmod
                0x1000386c                divmod_s32s32
                0x1000386c                div_s32s32
                0x1000386c                __wrap___aeabi_idiv
                0x10003874                divmod_s32s32_unsafe
                0x100038a0                divmod_s32s32_savestate
 .text.__wrap___aeabi_uidiv
                0x100038bc       0x4c CMakeFiles/picow_pinmapper.dir/C_/Users/ASUS/.pico-sdk/sdk/1.5.1/src/rp2_common/pico_divider/divider.S.obj
                0x100038bc                __wrap___aeabi_uidiv
                0x100038bc                __wrap___aeabi_uidivmod
                0x100038bc                div_u32u32
                0x100038bc                divmod_u32u32
                0x100038c4                divmod_u32u32_unsafe
                0x100038ec                divmod_u32u32_savestate
 .text.__wrap___aeabi_ldiv
                0x10003908      0x424 CMakeFiles/picow_pinmapper.dir/C_/Users/ASUS/.pico-sdk/sdk/1.5.1/src/rp2_common/pico_divider/divider.S.obj
                0x10003908                div_s64s64
                0x10003908                divmod_s64s64
                0x10003908                __wrap___aeabi_ldivmod
                0x10003938                divmod_u64u64
                0x10003938                div_u64u64
                0x10003938                __wrap___aeabi_uldivmod
                0x10003948                divmod_u64u64_savestate
                0x10003968                divmod_s64s64_unsafe
                0x100039f0                divmod_u64u64_unsafe
 .text.__wrap___aeabi_darithmetic
                0x10003d2c       0x60 CMakeFiles/picow_pinmapper.dir/C_/Users/ASUS/.pico-sdk/sdk/1.5.1/src/rp2_common/pico_double/double_aeabi.S.obj
                0x10003d2c                __wrap___aeabi_drsub
                0x10003d32                __wrap___aeabi_dsub
                0x10003d3c                __wrap___aeabi_dadd
                0x10003d46                __wrap___aeabi_ddiv
                0x10003d7a                __wrap___aeabi_dmul
 .text.__wrap___aeabi_cdcmple
                0x10003d8c       0x6c CMakeFiles/picow_pinmapper.dir/C_/Users/ASUS/.pico-sdk/sdk/1.5.1/src/rp2_common/pico_double/double_aeabi.S.obj
                0x10003d8c                __wrap___aeabi_cdrcmple
                0x10003d9c                __wrap___aeabi_cdcmpeq
                0x10003d9c                __wrap___aeabi_cdcmple
 .text.__wrap___aeabi_dcmplt
                0x10003df8        0xc CMakeFiles/picow_pinmapper.dir/C_/Users/ASUS/.pico-sdk/sdk/1.5.1/src/rp2_common/pico_double/double_aeabi.S.obj
                0x10003df8                __wrap___aeabi_dcmplt
 .text.__wrap___aeabi_dcmple
                0x10003e04       0x10 CMakeFiles/picow_pinmapper.dir/C_/Users/ASUS/.pico-sdk/sdk/1.5.1/src/rp2_common/pico_double/double_aeabi.S.obj
                0x10003e04                __wrap___aeabi_dcmple
 .text.__wrap___aeabi_dcmpge
                0x10003e14       0x10 CMakeFiles/picow_pinmapper.dir/C_/Users/ASUS/.pico-sdk/sdk/1.5.1/src/rp2_common/pico_double/double_aeabi.S.obj
                0x10003e14                __wrap___aeabi_dcmpge
 .text.__wrap___aeabi_dcmpgt
                0x10003e24        0xa CMakeFiles/picow_pinmapper.dir/C_/Users/ASUS/.pico-sdk/sdk/1.5.1/src/rp2_common/pico_double/double_aeabi.S.obj
                0x10003e24                __wrap___aeabi_dcmpgt
 .text.__wrap___aeabi_dcmpun
                0x10003e2e       0x1c CMakeFiles/picow_pinmapper.dir/C_/Users/ASUS/.pico-sdk/sdk/1.5.1/src/rp2_common/pico_double/double_aeabi.S.obj
                0x10003e2e                __wrap___aeabi_dcmpun
 *fill*         0x10003e4a        0x2 
 .text.__wrap___aeabi_i2d
                0x10003e4c       0x38 CMakeFiles/picow_pinmapper.dir/C_/Users/ASUS/.pico-sdk/sdk/1.5.1/src/rp2_common/pico_double/double_aeabi.S.obj
                0x10003e4c                __wrap___aeabi_ui2d
                0x10003e54                __wrap___aeabi_i2d
 .text.__wrap___aeabi_d2iz
                0x10003e84       0x48 CMakeFiles/picow_pinmapper.dir/C_/Users/ASUS/.pico-sdk/sdk/1.5.1/src/rp2_common/pico_double/double_aeabi.S.obj
                0x10003e84                double2int_z
                0x10003e84                __wrap___aeabi_d2iz
 .text.__wrap___aeabi_d2uiz
                0x10003ecc       0x10 CMakeFiles/picow_pinmapper.dir/C_/Users/ASUS/.pico-sdk/sdk/1.5.1/src/rp2_common/pico_double/double_aeabi.S.obj
                0x10003ecc                __wrap___aeabi_d2uiz
                0x10003ecc                double2uint
 .text.missing_double_func_shim
                0x10003edc        0xc CMakeFiles/picow_pinmapper.dir/C_/Users/ASUS/.pico-sdk/sdk/1.5.1/src/rp2_common/pico_double/double_init_rom.c.obj
 .text.__aeabi_double_init
                0x10003ee8       0xcc CMakeFiles/picow_pinmapper.dir/C_/Users/ASUS/.pico-sdk/sdk/1.5.1/src/rp2_common/pico_double/double_init_rom.c.obj
                0x10003ee8                __aeabi_double_init
 .text.double_table_shim_on_use_helper
                0x10003fb4       0x34 CMakeFiles/picow_pinmapper.dir/C_/Users/ASUS/.pico-sdk/sdk/1.5.1/src/rp2_common/pico_double/double_v1_rom_shim.S.obj
                0x10003fb4                double_table_shim_on_use_helper
 .text.__aeabi_lmul
                0x10003fe8       0x32 CMakeFiles/picow_pinmapper.dir/C_/Users/ASUS/.pico-sdk/sdk/1.5.1/src/rp2_common/pico_int64_ops/pico_int64_ops_aeabi.S.obj
                0x10003fe8                __wrap___aeabi_lmul
 *fill*         0x1000401a        0x2 
 .text.missing_float_func_shim
                0x1000401c        0xc CMakeFiles/picow_pinmapper.dir/C_/Users/ASUS/.pico-sdk/sdk/1.5.1/src/rp2_common/pico_float/float_init_rom.c.obj
 .text.__aeabi_float_init
                0x10004028       0x88 CMakeFiles/picow_pinmapper.dir/C_/Users/ASUS/.pico-sdk/sdk/1.5.1/src/rp2_common/pico_float/float_init_rom.c.obj
                0x10004028                __aeabi_float_init
 .text          0x100040b0       0x10 CMakeFiles/picow_pinmapper.dir/C_/Users/ASUS/.pico-sdk/sdk/1.5.1/src/rp2_common/pico_mem_ops/mem_ops_aeabi.S.obj
                0x100040b0                __aeabi_mem_init
 .text.memset   0x100040c0        0xc CMakeFiles/picow_pinmapper.dir/C_/Users/ASUS/.pico-sdk/sdk/1.5.1/src/rp2_common/pico_mem_ops/mem_ops_aeabi.S.obj
                0x100040c0                __wrap_memset
 .text.memcpy   0x100040cc        0xc CMakeFiles/picow_pinmapper.dir/C_/Users/ASUS/.pico-sdk/sdk/1.5.1/src/rp2_common/pico_mem_ops/mem_ops_aeabi.S.obj
                0x100040cc                __wrap_memcpy
                0x100040cc                __wrap___aeabi_memcpy
 .text.stdio_out_chars_no_crlf
                0x100040d8        0xe CMakeFiles/picow_pinmapper.dir/C_/Users/ASUS/.pico-sdk/sdk/1.5.1/src/rp2_common/pico_stdio/stdio.c.obj
 *fill*         0x100040e6        0x2 
 .text.stdio_out_chars_crlf
                0x100040e8       0x80 CMakeFiles/picow_pinmapper.dir/C_/Users/ASUS/.pico-sdk/sdk/1.5.1/src/rp2_common/pico_stdio/stdio.c.obj
 .text.stdio_stack_buffer_flush
                0x10004168       0x44 CMakeFiles/picow_pinmapper.dir/C_/Users/ASUS/.pico-sdk/sdk/1.5.1/src/rp2_common/pico_stdio/stdio.c.obj
 .text.stdio_buffered_printer
                0x100041ac       0x20 CMakeFiles/picow_pinmapper.dir/C_/Users/ASUS/.pico-sdk/sdk/1.5.1/src/rp2_common/pico_stdio/stdio.c.obj
 .text.stdout_serialize_begin
                0x100041cc       0x5c CMakeFiles/picow_pinmapper.dir/C_/Users/ASUS/.pico-sdk/sdk/1.5.1/src/rp2_common/pico_stdio/stdio.c.obj
                0x100041cc                stdout_serialize_begin
 .text.stdout_serialize_end
                0x10004228       0x10 CMakeFiles/picow_pinmapper.dir/C_/Users/ASUS/.pico-sdk/sdk/1.5.1/src/rp2_common/pico_stdio/stdio.c.obj
                0x10004228                stdout_serialize_end
 .text.stdio_put_string
                0x10004238       0x98 CMakeFiles/picow_pinmapper.dir/C_/Users/ASUS/.pico-sdk/sdk/1.5.1/src/rp2_common/pico_stdio/stdio.c.obj
 .text.__wrap_putchar
                0x100042d0       0x1c CMakeFiles/picow_pinmapper.dir/C_/Users/ASUS/.pico-sdk/sdk/1.5.1/src/rp2_common/pico_stdio/stdio.c.obj
                0x100042d0                __wrap_putchar
 .text.stdio_set_driver_enabled
                0x100042ec       0x2c CMakeFiles/picow_pinmapper.dir/C_/Users/ASUS/.pico-sdk/sdk/1.5.1/src/rp2_common/pico_stdio/stdio.c.obj
                0x100042ec                stdio_set_driver_enabled
 .text.stdio_flush
                0x10004318       0x20 CMakeFiles/picow_pinmapper.dir/C_/Users/ASUS/.pico-sdk/sdk/1.5.1/src/rp2_common/pico_stdio/stdio.c.obj
                0x10004318                stdio_flush
 .text.__wrap_puts
                0x10004338       0x1e CMakeFiles/picow_pinmapper.dir/C_/Users/ASUS/.pico-sdk/sdk/1.5.1/src/rp2_common/pico_stdio/stdio.c.obj
                0x10004338                __wrap_puts
 *fill*         0x10004356        0x2 
 .text.__wrap_vprintf
                0x10004358       0x40 CMakeFiles/picow_pinmapper.dir/C_/Users/ASUS/.pico-sdk/sdk/1.5.1/src/rp2_common/pico_stdio/stdio.c.obj
                0x10004358                __wrap_vprintf
 .text.__wrap_printf
                0x10004398       0x18 CMakeFiles/picow_pinmapper.dir/C_/Users/ASUS/.pico-sdk/sdk/1.5.1/src/rp2_common/pico_stdio/stdio.c.obj
                0x10004398                __wrap_printf
 .text.stdio_init_all
                0x100043b0        0x8 CMakeFiles/picow_pinmapper.dir/C_/Users/ASUS/.pico-sdk/sdk/1.5.1/src/rp2_common/pico_stdio/stdio.c.obj
                0x100043b0                stdio_init_all
 .text.resetd_init
                0x100043b8        0x2 CMakeFiles/picow_pinmapper.dir/C_/Users/ASUS/.pico-sdk/sdk/1.5.1/src/rp2_common/pico_stdio_usb/reset_interface.c.obj
 *fill*         0x100043ba        0x2 
 .text.resetd_reset
                0x100043bc        0xc CMakeFiles/picow_pinmapper.dir/C_/Users/ASUS/.pico-sdk/sdk/1.5.1/src/rp2_common/pico_stdio_usb/reset_interface.c.obj
 .text.resetd_open
                0x100043c8       0x34 CMakeFiles/picow_pinmapper.dir/C_/Users/ASUS/.pico-sdk/sdk/1.5.1/src/rp2_common/pico_stdio_usb/reset_interface.c.obj
 .text.resetd_xfer_cb
                0x100043fc        0x4 CMakeFiles/picow_pinmapper.dir/C_/Users/ASUS/.pico-sdk/sdk/1.5.1/src/rp2_common/pico_stdio_usb/reset_interface.c.obj
 .text.reset_usb_boot
                0x10004400       0x18 CMakeFiles/picow_pinmapper.dir/C_/Users/ASUS/.pico-sdk/sdk/1.5.1/src/rp2_common/pico_stdio_usb/reset_interface.c.obj
 .text.resetd_control_xfer_cb
                0x10004418       0x5c CMakeFiles/picow_pinmapper.dir/C_/Users/ASUS/.pico-sdk/sdk/1.5.1/src/rp2_common/pico_stdio_usb/reset_interface.c.obj
 .text.usbd_app_driver_get_cb
                0x10004474        0xc CMakeFiles/picow_pinmapper.dir/C_/Users/ASUS/.pico-sdk/sdk/1.5.1/src/rp2_common/pico_stdio_usb/reset_interface.c.obj
                0x10004474                usbd_app_driver_get_cb
 .text.tud_cdc_line_coding_cb
                0x10004480       0x28 CMakeFiles/picow_pinmapper.dir/C_/Users/ASUS/.pico-sdk/sdk/1.5.1/src/rp2_common/pico_stdio_usb/reset_interface.c.obj
                0x10004480                tud_cdc_line_coding_cb
 .text.stdio_usb_set_chars_available_callback
                0x100044a8       0x14 CMakeFiles/picow_pinmapper.dir/C_/Users/ASUS/.pico-sdk/sdk/1.5.1/src/rp2_common/pico_stdio_usb/stdio_usb.c.obj
                0x100044a8                stdio_usb_set_chars_available_callback
 .text.usb_irq  0x100044bc       0x10 CMakeFiles/picow_pinmapper.dir/C_/Users/ASUS/.pico-sdk/sdk/1.5.1/src/rp2_common/pico_stdio_usb/stdio_usb.c.obj
 .text.timer_task
                0x100044cc       0x5c CMakeFiles/picow_pinmapper.dir/C_/Users/ASUS/.pico-sdk/sdk/1.5.1/src/rp2_common/pico_stdio_usb/stdio_usb.c.obj
 .text.low_priority_worker_irq
                0x10004528       0xdc CMakeFiles/picow_pinmapper.dir/C_/Users/ASUS/.pico-sdk/sdk/1.5.1/src/rp2_common/pico_stdio_usb/stdio_usb.c.obj
 .text.tud_cdc_rx_cb
                0x10004604       0x20 CMakeFiles/picow_pinmapper.dir/C_/Users/ASUS/.pico-sdk/sdk/1.5.1/src/rp2_common/pico_stdio_usb/stdio_usb.c.obj
                0x10004604                tud_cdc_rx_cb
 .text.stdio_usb_init
                0x10004624      0x11c CMakeFiles/picow_pinmapper.dir/C_/Users/ASUS/.pico-sdk/sdk/1.5.1/src/rp2_common/pico_stdio_usb/stdio_usb.c.obj
                0x10004624                stdio_usb_init
 .text.stdio_usb_connected
                0x10004740        0xa CMakeFiles/picow_pinmapper.dir/C_/Users/ASUS/.pico-sdk/sdk/1.5.1/src/rp2_common/pico_stdio_usb/stdio_usb.c.obj
                0x10004740                stdio_usb_connected
 *fill*         0x1000474a        0x2 
 .text.stdio_usb_in_chars
                0x1000474c       0xc4 CMakeFiles/picow_pinmapper.dir/C_/Users/ASUS/.pico-sdk/sdk/1.5.1/src/rp2_common/pico_stdio_usb/stdio_usb.c.obj
                0x1000474c                stdio_usb_in_chars
 .text.stdio_usb_out_chars
                0x10004810      0x114 CMakeFiles/picow_pinmapper.dir/C_/Users/ASUS/.pico-sdk/sdk/1.5.1/src/rp2_common/pico_stdio_usb/stdio_usb.c.obj
 .text.tud_descriptor_device_cb
                0x10004924        0x8 CMakeFiles/picow_pinmapper.dir/C_/Users/ASUS/.pico-sdk/sdk/1.5.1/src/rp2_common/pico_stdio_usb/stdio_usb_descriptors.c.obj
                0x10004924                tud_descriptor_device_cb
 .text.tud_descriptor_configuration_cb
                0x1000492c        0x8 CMakeFiles/picow_pinmapper.dir/C_/Users/ASUS/.pico-sdk/sdk/1.5.1/src/rp2_common/pico_stdio_usb/stdio_usb_descriptors.c.obj
                0x1000492c                tud_descriptor_configuration_cb
 .text.tud_descriptor_string_cb
                0x10004934       0x6c CMakeFiles/picow_pinmapper.dir/C_/Users/ASUS/.pico-sdk/sdk/1.5.1/src/rp2_common/pico_stdio_usb/stdio_usb_descriptors.c.obj
                0x10004934                tud_descriptor_string_cb
 .text._retrieve_unique_id_on_boot
                0x100049a0       0x10 CMakeFiles/picow_pinmapper.dir/C_/Users/ASUS/.pico-sdk/sdk/1.5.1/src/rp2_common/pico_unique_id/unique_id.c.obj
 .text.pico_get_unique_board_id_string
                0x100049b0       0x60 CMakeFiles/picow_pinmapper.dir/C_/Users/ASUS/.pico-sdk/sdk/1.5.1/src/rp2_common/pico_unique_id/unique_id.c.obj
                0x100049b0                pico_get_unique_board_id_string
 .text.flash_get_unique_id
                0x10004a10       0x46 CMakeFiles/picow_pinmapper.dir/C_/Users/ASUS/.pico-sdk/sdk/1.5.1/src/rp2_common/hardware_flash/flash.c.obj
                0x10004a10                flash_get_unique_id
 *fill*         0x10004a56        0x2 
 .text.hw_endpoint_get_by_addr
                0x10004a58       0x18 CMakeFiles/picow_pinmapper.dir/C_/Users/ASUS/.pico-sdk/sdk/1.5.1/lib/tinyusb/src/portable/raspberrypi/rp2040/dcd_rp2040.c.obj
 .text._hw_endpoint_alloc
                0x10004a70       0x70 CMakeFiles/picow_pinmapper.dir/C_/Users/ASUS/.pico-sdk/sdk/1.5.1/lib/tinyusb/src/portable/raspberrypi/rp2040/dcd_rp2040.c.obj
 .text.hw_endpoint_init
                0x10004ae0       0x88 CMakeFiles/picow_pinmapper.dir/C_/Users/ASUS/.pico-sdk/sdk/1.5.1/lib/tinyusb/src/portable/raspberrypi/rp2040/dcd_rp2040.c.obj
 .text.hw_endpoint_xfer
                0x10004b68       0x14 CMakeFiles/picow_pinmapper.dir/C_/Users/ASUS/.pico-sdk/sdk/1.5.1/lib/tinyusb/src/portable/raspberrypi/rp2040/dcd_rp2040.c.obj
 .text.dcd_int_enable
                0x10004b7c       0x2c CMakeFiles/picow_pinmapper.dir/C_/Users/ASUS/.pico-sdk/sdk/1.5.1/lib/tinyusb/src/portable/raspberrypi/rp2040/dcd_rp2040.c.obj
                0x10004b7c                dcd_int_enable
 .text.dcd_set_address
                0x10004ba8       0x2c CMakeFiles/picow_pinmapper.dir/C_/Users/ASUS/.pico-sdk/sdk/1.5.1/lib/tinyusb/src/portable/raspberrypi/rp2040/dcd_rp2040.c.obj
                0x10004ba8                dcd_set_address
 .text.dcd_connect
                0x10004bd4       0x10 CMakeFiles/picow_pinmapper.dir/C_/Users/ASUS/.pico-sdk/sdk/1.5.1/lib/tinyusb/src/portable/raspberrypi/rp2040/dcd_rp2040.c.obj
                0x10004bd4                dcd_connect
 .text.dcd_init
                0x10004be4       0x80 CMakeFiles/picow_pinmapper.dir/C_/Users/ASUS/.pico-sdk/sdk/1.5.1/lib/tinyusb/src/portable/raspberrypi/rp2040/dcd_rp2040.c.obj
                0x10004be4                dcd_init
 .text.dcd_edpt0_status_complete
                0x10004c64       0x1c CMakeFiles/picow_pinmapper.dir/C_/Users/ASUS/.pico-sdk/sdk/1.5.1/lib/tinyusb/src/portable/raspberrypi/rp2040/dcd_rp2040.c.obj
                0x10004c64                dcd_edpt0_status_complete
 .text.dcd_edpt_open
                0x10004c80       0x40 CMakeFiles/picow_pinmapper.dir/C_/Users/ASUS/.pico-sdk/sdk/1.5.1/lib/tinyusb/src/portable/raspberrypi/rp2040/dcd_rp2040.c.obj
                0x10004c80                dcd_edpt_open
 .text.dcd_edpt_close_all
                0x10004cc0        0x8 CMakeFiles/picow_pinmapper.dir/C_/Users/ASUS/.pico-sdk/sdk/1.5.1/lib/tinyusb/src/portable/raspberrypi/rp2040/dcd_rp2040.c.obj
                0x10004cc0                dcd_edpt_close_all
 .text.dcd_edpt_xfer
                0x10004cc8       0x34 CMakeFiles/picow_pinmapper.dir/C_/Users/ASUS/.pico-sdk/sdk/1.5.1/lib/tinyusb/src/portable/raspberrypi/rp2040/dcd_rp2040.c.obj
                0x10004cc8                dcd_edpt_xfer
 .text.dcd_edpt_stall
                0x10004cfc       0x2c CMakeFiles/picow_pinmapper.dir/C_/Users/ASUS/.pico-sdk/sdk/1.5.1/lib/tinyusb/src/portable/raspberrypi/rp2040/dcd_rp2040.c.obj
                0x10004cfc                dcd_edpt_stall
 .text.dcd_edpt_clear_stall
                0x10004d28       0x20 CMakeFiles/picow_pinmapper.dir/C_/Users/ASUS/.pico-sdk/sdk/1.5.1/lib/tinyusb/src/portable/raspberrypi/rp2040/dcd_rp2040.c.obj
                0x10004d28                dcd_edpt_clear_stall
 .text.rp2040_usb_init
                0x10004d48       0x4c CMakeFiles/picow_pinmapper.dir/C_/Users/ASUS/.pico-sdk/sdk/1.5.1/lib/tinyusb/src/portable/raspberrypi/rp2040/rp2040_usb.c.obj
                0x10004d48                rp2040_usb_init
 .text.hw_endpoint_xfer_start
                0x10004d94       0x50 CMakeFiles/picow_pinmapper.dir/C_/Users/ASUS/.pico-sdk/sdk/1.5.1/lib/tinyusb/src/portable/raspberrypi/rp2040/rp2040_usb.c.obj
                0x10004d94                hw_endpoint_xfer_start
 .text.configuration_reset
                0x10004de4       0x84 CMakeFiles/picow_pinmapper.dir/C_/Users/ASUS/.pico-sdk/sdk/1.5.1/lib/tinyusb/src/device/usbd.c.obj
 .text.usbd_reset
                0x10004e68        0xc CMakeFiles/picow_pinmapper.dir/C_/Users/ASUS/.pico-sdk/sdk/1.5.1/lib/tinyusb/src/device/usbd.c.obj
 .text.invoke_class_control
                0x10004e74       0x1a CMakeFiles/picow_pinmapper.dir/C_/Users/ASUS/.pico-sdk/sdk/1.5.1/lib/tinyusb/src/device/usbd.c.obj
 *fill*         0x10004e8e        0x2 
 .text.process_set_config
                0x10004e90      0x178 CMakeFiles/picow_pinmapper.dir/C_/Users/ASUS/.pico-sdk/sdk/1.5.1/lib/tinyusb/src/device/usbd.c.obj
 .text.process_get_descriptor
                0x10005008       0xdc CMakeFiles/picow_pinmapper.dir/C_/Users/ASUS/.pico-sdk/sdk/1.5.1/lib/tinyusb/src/device/usbd.c.obj
 .text.tud_mounted
                0x100050e4       0x10 CMakeFiles/picow_pinmapper.dir/C_/Users/ASUS/.pico-sdk/sdk/1.5.1/lib/tinyusb/src/device/usbd.c.obj
                0x100050e4                tud_mounted
 .text.tud_suspended
                0x100050f4       0x10 CMakeFiles/picow_pinmapper.dir/C_/Users/ASUS/.pico-sdk/sdk/1.5.1/lib/tinyusb/src/device/usbd.c.obj
                0x100050f4                tud_suspended
 .text.tud_inited
                0x10005104       0x14 CMakeFiles/picow_pinmapper.dir/C_/Users/ASUS/.pico-sdk/sdk/1.5.1/lib/tinyusb/src/device/usbd.c.obj
                0x10005104                tud_inited
 .text.tud_init
                0x10005118       0xcc CMakeFiles/picow_pinmapper.dir/C_/Users/ASUS/.pico-sdk/sdk/1.5.1/lib/tinyusb/src/device/usbd.c.obj
                0x10005118                tud_init
 .text.usbd_defer_func
                0x100051e4       0x2a CMakeFiles/picow_pinmapper.dir/C_/Users/ASUS/.pico-sdk/sdk/1.5.1/lib/tinyusb/src/device/usbd.c.obj
                0x100051e4                usbd_defer_func
 *fill*         0x1000520e        0x2 
 .text.usbd_edpt_open
                0x10005210       0x34 CMakeFiles/picow_pinmapper.dir/C_/Users/ASUS/.pico-sdk/sdk/1.5.1/lib/tinyusb/src/device/usbd.c.obj
                0x10005210                usbd_edpt_open
 .text.usbd_open_edpt_pair
                0x10005244       0x62 CMakeFiles/picow_pinmapper.dir/C_/Users/ASUS/.pico-sdk/sdk/1.5.1/lib/tinyusb/src/device/usbd.c.obj
                0x10005244                usbd_open_edpt_pair
 *fill*         0x100052a6        0x2 
 .text.usbd_edpt_claim
                0x100052a8       0x28 CMakeFiles/picow_pinmapper.dir/C_/Users/ASUS/.pico-sdk/sdk/1.5.1/lib/tinyusb/src/device/usbd.c.obj
                0x100052a8                usbd_edpt_claim
 .text.usbd_edpt_release
                0x100052d0       0x28 CMakeFiles/picow_pinmapper.dir/C_/Users/ASUS/.pico-sdk/sdk/1.5.1/lib/tinyusb/src/device/usbd.c.obj
                0x100052d0                usbd_edpt_release
 .text.usbd_edpt_xfer
                0x100052f8       0x78 CMakeFiles/picow_pinmapper.dir/C_/Users/ASUS/.pico-sdk/sdk/1.5.1/lib/tinyusb/src/device/usbd.c.obj
                0x100052f8                usbd_edpt_xfer
 .text.usbd_edpt_stall
                0x10005370       0x48 CMakeFiles/picow_pinmapper.dir/C_/Users/ASUS/.pico-sdk/sdk/1.5.1/lib/tinyusb/src/device/usbd.c.obj
                0x10005370                usbd_edpt_stall
 .text.usbd_edpt_clear_stall
                0x100053b8       0x48 CMakeFiles/picow_pinmapper.dir/C_/Users/ASUS/.pico-sdk/sdk/1.5.1/lib/tinyusb/src/device/usbd.c.obj
                0x100053b8                usbd_edpt_clear_stall
 .text.usbd_edpt_stalled
                0x10005400       0x1c CMakeFiles/picow_pinmapper.dir/C_/Users/ASUS/.pico-sdk/sdk/1.5.1/lib/tinyusb/src/device/usbd.c.obj
                0x10005400                usbd_edpt_stalled
 .text.process_control_request
                0x1000541c      0x37c CMakeFiles/picow_pinmapper.dir/C_/Users/ASUS/.pico-sdk/sdk/1.5.1/lib/tinyusb/src/device/usbd.c.obj
 .text.tud_task_ext
                0x10005798      0x1b8 CMakeFiles/picow_pinmapper.dir/C_/Users/ASUS/.pico-sdk/sdk/1.5.1/lib/tinyusb/src/device/usbd.c.obj
                0x10005798                tud_task_ext
 .text._data_stage_xact
                0x10005950       0x58 CMakeFiles/picow_pinmapper.dir/C_/Users/ASUS/.pico-sdk/sdk/1.5.1/lib/tinyusb/src/device/usbd_control.c.obj
 .text.tud_control_status
                0x100059a8       0x38 CMakeFiles/picow_pinmapper.dir/C_/Users/ASUS/.pico-sdk/sdk/1.5.1/lib/tinyusb/src/device/usbd_control.c.obj
                0x100059a8                tud_control_status
 .text.tud_control_xfer
                0x100059e0       0x74 CMakeFiles/picow_pinmapper.dir/C_/Users/ASUS/.pico-sdk/sdk/1.5.1/lib/tinyusb/src/device/usbd_control.c.obj
                0x100059e0                tud_control_xfer
 .text.usbd_control_reset
                0x10005a54       0x14 CMakeFiles/picow_pinmapper.dir/C_/Users/ASUS/.pico-sdk/sdk/1.5.1/lib/tinyusb/src/device/usbd_control.c.obj
                0x10005a54                usbd_control_reset
 .text.usbd_control_set_complete_callback
                0x10005a68        0xc CMakeFiles/picow_pinmapper.dir/C_/Users/ASUS/.pico-sdk/sdk/1.5.1/lib/tinyusb/src/device/usbd_control.c.obj
                0x10005a68                usbd_control_set_complete_callback
 .text.usbd_control_set_request
                0x10005a74       0x1c CMakeFiles/picow_pinmapper.dir/C_/Users/ASUS/.pico-sdk/sdk/1.5.1/lib/tinyusb/src/device/usbd_control.c.obj
                0x10005a74                usbd_control_set_request
 .text.usbd_control_xfer_cb
                0x10005a90       0xcc CMakeFiles/picow_pinmapper.dir/C_/Users/ASUS/.pico-sdk/sdk/1.5.1/lib/tinyusb/src/device/usbd_control.c.obj
                0x10005a90                usbd_control_xfer_cb
 .text._prep_out_transaction
                0x10005b5c       0x4a CMakeFiles/picow_pinmapper.dir/C_/Users/ASUS/.pico-sdk/sdk/1.5.1/lib/tinyusb/src/class/cdc/cdc_device.c.obj
 *fill*         0x10005ba6        0x2 
 .text.tud_cdc_n_connected
                0x10005ba8       0x44 CMakeFiles/picow_pinmapper.dir/C_/Users/ASUS/.pico-sdk/sdk/1.5.1/lib/tinyusb/src/class/cdc/cdc_device.c.obj
                0x10005ba8                tud_cdc_n_connected
 .text.tud_cdc_n_available
                0x10005bec       0x18 CMakeFiles/picow_pinmapper.dir/C_/Users/ASUS/.pico-sdk/sdk/1.5.1/lib/tinyusb/src/class/cdc/cdc_device.c.obj
                0x10005bec                tud_cdc_n_available
 .text.tud_cdc_n_read
                0x10005c04       0x28 CMakeFiles/picow_pinmapper.dir/C_/Users/ASUS/.pico-sdk/sdk/1.5.1/lib/tinyusb/src/class/cdc/cdc_device.c.obj
                0x10005c04                tud_cdc_n_read
 .text.tud_cdc_n_write_flush
                0x10005c2c       0xb8 CMakeFiles/picow_pinmapper.dir/C_/Users/ASUS/.pico-sdk/sdk/1.5.1/lib/tinyusb/src/class/cdc/cdc_device.c.obj
                0x10005c2c                tud_cdc_n_write_flush
 .text.tud_cdc_n_write
                0x10005ce4       0x38 CMakeFiles/picow_pinmapper.dir/C_/Users/ASUS/.pico-sdk/sdk/1.5.1/lib/tinyusb/src/class/cdc/cdc_device.c.obj
                0x10005ce4                tud_cdc_n_write
 .text.tud_cdc_n_write_available
                0x10005d1c       0x1c CMakeFiles/picow_pinmapper.dir/C_/Users/ASUS/.pico-sdk/sdk/1.5.1/lib/tinyusb/src/class/cdc/cdc_device.c.obj
                0x10005d1c                tud_cdc_n_write_available
 .text.cdcd_init
                0x10005d38       0xbc CMakeFiles/picow_pinmapper.dir/C_/Users/ASUS/.pico-sdk/sdk/1.5.1/lib/tinyusb/src/class/cdc/cdc_device.c.obj
                0x10005d38                cdcd_init
 .text.cdcd_reset
                0x10005df4       0x44 CMakeFiles/picow_pinmapper.dir/C_/Users/ASUS/.pico-sdk/sdk/1.5.1/lib/tinyusb/src/class/cdc/cdc_device.c.obj
                0x10005df4                cdcd_reset
 .text.cdcd_open
                0x10005e38       0xcc CMakeFiles/picow_pinmapper.dir/C_/Users/ASUS/.pico-sdk/sdk/1.5.1/lib/tinyusb/src/class/cdc/cdc_device.c.obj
                0x10005e38                cdcd_open
 .text.cdcd_control_xfer_cb
                0x10005f04      0x134 CMakeFiles/picow_pinmapper.dir/C_/Users/ASUS/.pico-sdk/sdk/1.5.1/lib/tinyusb/src/class/cdc/cdc_device.c.obj
                0x10005f04                cdcd_control_xfer_cb
 .text.cdcd_xfer_cb
                0x10006038      0x130 CMakeFiles/picow_pinmapper.dir/C_/Users/ASUS/.pico-sdk/sdk/1.5.1/lib/tinyusb/src/class/cdc/cdc_device.c.obj
                0x10006038                cdcd_xfer_cb
 .text.tusb_init
                0x10006168        0xa CMakeFiles/picow_pinmapper.dir/C_/Users/ASUS/.pico-sdk/sdk/1.5.1/lib/tinyusb/src/tusb.c.obj
                0x10006168                tusb_init
 .text.tusb_inited
                0x10006172        0xe CMakeFiles/picow_pinmapper.dir/C_/Users/ASUS/.pico-sdk/sdk/1.5.1/lib/tinyusb/src/tusb.c.obj
                0x10006172                tusb_inited
 .text.tu_edpt_claim
                0x10006180       0x50 CMakeFiles/picow_pinmapper.dir/C_/Users/ASUS/.pico-sdk/sdk/1.5.1/lib/tinyusb/src/tusb.c.obj
                0x10006180                tu_edpt_claim
 .text.tu_edpt_release
                0x100061d0       0x3c CMakeFiles/picow_pinmapper.dir/C_/Users/ASUS/.pico-sdk/sdk/1.5.1/lib/tinyusb/src/tusb.c.obj
                0x100061d0                tu_edpt_release
 .text.tu_edpt_validate
                0x1000620c       0x78 CMakeFiles/picow_pinmapper.dir/C_/Users/ASUS/.pico-sdk/sdk/1.5.1/lib/tinyusb/src/tusb.c.obj
                0x1000620c                tu_edpt_validate
 .text.tu_edpt_bind_driver
                0x10006284       0x26 CMakeFiles/picow_pinmapper.dir/C_/Users/ASUS/.pico-sdk/sdk/1.5.1/lib/tinyusb/src/tusb.c.obj
                0x10006284                tu_edpt_bind_driver
 .text.advance_index
                0x100062aa       0x1a CMakeFiles/picow_pinmapper.dir/C_/Users/ASUS/.pico-sdk/sdk/1.5.1/lib/tinyusb/src/common/tusb_fifo.c.obj
 .text._tu_fifo_peek
                0x100062c4       0x56 CMakeFiles/picow_pinmapper.dir/C_/Users/ASUS/.pico-sdk/sdk/1.5.1/lib/tinyusb/src/common/tusb_fifo.c.obj
 .text._ff_pull_const_addr
                0x1000631a       0x4c CMakeFiles/picow_pinmapper.dir/C_/Users/ASUS/.pico-sdk/sdk/1.5.1/lib/tinyusb/src/common/tusb_fifo.c.obj
 .text._ff_pull_n
                0x10006366      0x110 CMakeFiles/picow_pinmapper.dir/C_/Users/ASUS/.pico-sdk/sdk/1.5.1/lib/tinyusb/src/common/tusb_fifo.c.obj
 .text._tu_fifo_peek_n
                0x10006476       0x6a CMakeFiles/picow_pinmapper.dir/C_/Users/ASUS/.pico-sdk/sdk/1.5.1/lib/tinyusb/src/common/tusb_fifo.c.obj
 .text._tu_fifo_read_n
                0x100064e0       0x4e CMakeFiles/picow_pinmapper.dir/C_/Users/ASUS/.pico-sdk/sdk/1.5.1/lib/tinyusb/src/common/tusb_fifo.c.obj
 .text._ff_push_const_addr
                0x1000652e       0x40 CMakeFiles/picow_pinmapper.dir/C_/Users/ASUS/.pico-sdk/sdk/1.5.1/lib/tinyusb/src/common/tusb_fifo.c.obj
 .text._ff_push_n
                0x1000656e      0x10c CMakeFiles/picow_pinmapper.dir/C_/Users/ASUS/.pico-sdk/sdk/1.5.1/lib/tinyusb/src/common/tusb_fifo.c.obj
 .text._tu_fifo_write_n
                0x1000667a       0xf0 CMakeFiles/picow_pinmapper.dir/C_/Users/ASUS/.pico-sdk/sdk/1.5.1/lib/tinyusb/src/common/tusb_fifo.c.obj
 .text.tu_fifo_config
                0x1000676a       0x7c CMakeFiles/picow_pinmapper.dir/C_/Users/ASUS/.pico-sdk/sdk/1.5.1/lib/tinyusb/src/common/tusb_fifo.c.obj
                0x1000676a                tu_fifo_config
 .text.tu_fifo_count
                0x100067e6       0x2a CMakeFiles/picow_pinmapper.dir/C_/Users/ASUS/.pico-sdk/sdk/1.5.1/lib/tinyusb/src/common/tusb_fifo.c.obj
                0x100067e6                tu_fifo_count
 .text.tu_fifo_empty
                0x10006810       0x10 CMakeFiles/picow_pinmapper.dir/C_/Users/ASUS/.pico-sdk/sdk/1.5.1/lib/tinyusb/src/common/tusb_fifo.c.obj
                0x10006810                tu_fifo_empty
 .text.tu_fifo_full
                0x10006820       0x28 CMakeFiles/picow_pinmapper.dir/C_/Users/ASUS/.pico-sdk/sdk/1.5.1/lib/tinyusb/src/common/tusb_fifo.c.obj
                0x10006820                tu_fifo_full
 .text.tu_fifo_remaining
                0x10006848       0x2c CMakeFiles/picow_pinmapper.dir/C_/Users/ASUS/.pico-sdk/sdk/1.5.1/lib/tinyusb/src/common/tusb_fifo.c.obj
                0x10006848                tu_fifo_remaining
 .text.tu_fifo_read
                0x10006874       0x42 CMakeFiles/picow_pinmapper.dir/C_/Users/ASUS/.pico-sdk/sdk/1.5.1/lib/tinyusb/src/common/tusb_fifo.c.obj
                0x10006874                tu_fifo_read
 .text.tu_fifo_read_n
                0x100068b6        0xa CMakeFiles/picow_pinmapper.dir/C_/Users/ASUS/.pico-sdk/sdk/1.5.1/lib/tinyusb/src/common/tusb_fifo.c.obj
                0x100068b6                tu_fifo_read_n
 .text.tu_fifo_write
                0x100068c0       0x64 CMakeFiles/picow_pinmapper.dir/C_/Users/ASUS/.pico-sdk/sdk/1.5.1/lib/tinyusb/src/common/tusb_fifo.c.obj
                0x100068c0                tu_fifo_write
 .text.tu_fifo_write_n
                0x10006924        0xa CMakeFiles/picow_pinmapper.dir/C_/Users/ASUS/.pico-sdk/sdk/1.5.1/lib/tinyusb/src/common/tusb_fifo.c.obj
                0x10006924                tu_fifo_write_n
 .text.tu_fifo_clear
                0x1000692e       0x3e CMakeFiles/picow_pinmapper.dir/C_/Users/ASUS/.pico-sdk/sdk/1.5.1/lib/tinyusb/src/common/tusb_fifo.c.obj
                0x1000692e                tu_fifo_clear
 .text.tu_fifo_set_overwritable
                0x1000696c       0x46 CMakeFiles/picow_pinmapper.dir/C_/Users/ASUS/.pico-sdk/sdk/1.5.1/lib/tinyusb/src/common/tusb_fifo.c.obj
                0x1000696c                tu_fifo_set_overwritable
 *fill*         0x100069b2        0x2 
 .text.strlen   0x100069b4       0x5c c:/progra~2/gnuarm~1/102021~1.10/bin/../lib/gcc/arm-none-eabi/10.3.1/../../../../arm-none-eabi/lib/thumb/v6-m/nofp\libg.a(lib_a-strlen-stub.o)
                0x100069b4                strlen
 *(.fini)
 .fini          0x10006a10        0x4 c:/progra~2/gnuarm~1/102021~1.10/bin/../lib/gcc/arm-none-eabi/10.3.1/thumb/v6-m/nofp/crti.o
                0x10006a10                _fini
 *fill*         0x10006a14        0x4 
 .fini.__stub   0x10006a18       0xe0 linker stubs
 *crtbegin.o(.ctors)
 *crtbegin?.o(.ctors)
 *(EXCLUDE_FILE(*crtend.o *crtend?.o) .ctors)
 *(SORT_BY_NAME(.ctors.*))
 *(.ctors)
 *crtbegin.o(.dtors)
 *crtbegin?.o(.dtors)
 *(EXCLUDE_FILE(*crtend.o *crtend?.o) .dtors)
 *(SORT_BY_NAME(.dtors.*))
 *(.dtors)
 *(.eh_frame*)
 .eh_frame      0x10006af8        0x0 c:/progra~2/gnuarm~1/102021~1.10/bin/../lib/gcc/arm-none-eabi/10.3.1/thumb/v6-m/nofp/crtbegin.o
                0x10006af8                . = ALIGN (0x4)

.glue_7         0x10006af8        0x0
 .glue_7        0x10006af8        0x0 linker stubs

.glue_7t        0x10006af8        0x0
 .glue_7t       0x10006af8        0x0 linker stubs

.vfp11_veneer   0x10006af8        0x0
 .vfp11_veneer  0x10006af8        0x0 linker stubs

.v4_bx          0x10006af8        0x0
 .v4_bx         0x10006af8        0x0 linker stubs

.iplt           0x10006af8        0x0
 .iplt          0x10006af8        0x0 c:/progra~2/gnuarm~1/102021~1.10/bin/../lib/gcc/arm-none-eabi/10.3.1/thumb/v6-m/nofp/crtbegin.o

.rodata         0x10006af8     0x164c
 *(EXCLUDE_FILE(*libm.a: *libc.a:*lib_a-mem*.o *libgcc.a:) .rodata*)
 .rodata.main.str1.4
                0x10006af8       0x4a CMakeFiles/picow_pinmapper.dir/picow_pinmapper.c.obj
 *fill*         0x10006b42        0x2 
 .rodata.spin_lock_claim_unused.str1.4
                0x10006b44       0x1b CMakeFiles/picow_pinmapper.dir/C_/Users/ASUS/.pico-sdk/sdk/1.5.1/src/rp2_common/hardware_sync/sync.c.obj
 *fill*         0x10006b5f        0x1 
 .rodata.make_branch.str1.4
                0x10006b60       0x74 CMakeFiles/picow_pinmapper.dir/C_/Users/ASUS/.pico-sdk/sdk/1.5.1/src/rp2_common/hardware_irq/irq.c.obj
 .rodata.insert_branch_and_link.str1.4
                0x10006bd4       0x10 CMakeFiles/picow_pinmapper.dir/C_/Users/ASUS/.pico-sdk/sdk/1.5.1/src/rp2_common/hardware_irq/irq.c.obj
 .rodata.irq_set_exclusive_handler.str1.4
                0x10006be4       0x36 CMakeFiles/picow_pinmapper.dir/C_/Users/ASUS/.pico-sdk/sdk/1.5.1/src/rp2_common/hardware_irq/irq.c.obj
 *fill*         0x10006c1a        0x2 
 .rodata.irq_add_shared_handler.str1.4
                0x10006c1c       0xd9 CMakeFiles/picow_pinmapper.dir/C_/Users/ASUS/.pico-sdk/sdk/1.5.1/src/rp2_common/hardware_irq/irq.c.obj
 *fill*         0x10006cf5        0x3 
 .rodata.irq_remove_handler.str1.4
                0x10006cf8       0x3a CMakeFiles/picow_pinmapper.dir/C_/Users/ASUS/.pico-sdk/sdk/1.5.1/src/rp2_common/hardware_irq/irq.c.obj
 *fill*         0x10006d32        0x2 
 .rodata.irq_add_tail_to_free_list.str1.4
                0x10006d34       0x3a CMakeFiles/picow_pinmapper.dir/C_/Users/ASUS/.pico-sdk/sdk/1.5.1/src/rp2_common/hardware_irq/irq.c.obj
 *fill*         0x10006d6e        0x2 
 .rodata.user_irq_claim_unused.str1.4
                0x10006d70       0x1b CMakeFiles/picow_pinmapper.dir/C_/Users/ASUS/.pico-sdk/sdk/1.5.1/src/rp2_common/hardware_irq/irq.c.obj
 *fill*         0x10006d8b        0x1 
 .rodata.__func__.0
                0x10006d8c       0x1a CMakeFiles/picow_pinmapper.dir/C_/Users/ASUS/.pico-sdk/sdk/1.5.1/src/rp2_common/hardware_irq/irq.c.obj
 *fill*         0x10006da6        0x2 
 .rodata.__func__.1
                0x10006da8       0x17 CMakeFiles/picow_pinmapper.dir/C_/Users/ASUS/.pico-sdk/sdk/1.5.1/src/rp2_common/hardware_irq/irq.c.obj
 *fill*         0x10006dbf        0x1 
 .rodata.__func__.2
                0x10006dc0       0x13 CMakeFiles/picow_pinmapper.dir/C_/Users/ASUS/.pico-sdk/sdk/1.5.1/src/rp2_common/hardware_irq/irq.c.obj
 *fill*         0x10006dd3        0x1 
 .rodata.__func__.3
                0x10006dd4        0xc CMakeFiles/picow_pinmapper.dir/C_/Users/ASUS/.pico-sdk/sdk/1.5.1/src/rp2_common/hardware_irq/irq.c.obj
 .rodata.__func__.4
                0x10006de0        0xf CMakeFiles/picow_pinmapper.dir/C_/Users/ASUS/.pico-sdk/sdk/1.5.1/src/rp2_common/hardware_irq/irq.c.obj
 *fill*         0x10006def        0x1 
 .rodata.__func__.5
                0x10006df0       0x17 CMakeFiles/picow_pinmapper.dir/C_/Users/ASUS/.pico-sdk/sdk/1.5.1/src/rp2_common/hardware_irq/irq.c.obj
 *fill*         0x10006e07        0x1 
 .rodata.__func__.6
                0x10006e08       0x1a CMakeFiles/picow_pinmapper.dir/C_/Users/ASUS/.pico-sdk/sdk/1.5.1/src/rp2_common/hardware_irq/irq.c.obj
 *fill*         0x10006e22        0x2 
 .rodata.str1.4
                0x10006e24       0xf9 CMakeFiles/picow_pinmapper.dir/C_/Users/ASUS/.pico-sdk/sdk/1.5.1/src/common/pico_sync/mutex.c.obj
 *fill*         0x10006f1d        0x3 
 .rodata.__func__.1
                0x10006f20        0xb CMakeFiles/picow_pinmapper.dir/C_/Users/ASUS/.pico-sdk/sdk/1.5.1/src/common/pico_sync/mutex.c.obj
 *fill*         0x10006f2b        0x1 
 .rodata.__func__.3
                0x10006f2c       0x18 CMakeFiles/picow_pinmapper.dir/C_/Users/ASUS/.pico-sdk/sdk/1.5.1/src/common/pico_sync/mutex.c.obj
 .rodata.__func__.4
                0x10006f44       0x15 CMakeFiles/picow_pinmapper.dir/C_/Users/ASUS/.pico-sdk/sdk/1.5.1/src/common/pico_sync/mutex.c.obj
 *fill*         0x10006f59        0x3 
 .rodata.repeating_timer_callback.str1.4
                0x10006f5c       0x52 CMakeFiles/picow_pinmapper.dir/C_/Users/ASUS/.pico-sdk/sdk/1.5.1/src/common/pico_time/time.c.obj
 *fill*         0x10006fae        0x2 
 .rodata.timer_pool_entry_comparator.str1.4
                0x10006fb0       0x22 CMakeFiles/picow_pinmapper.dir/C_/Users/ASUS/.pico-sdk/sdk/1.5.1/src/common/pico_time/time.c.obj
 *fill*         0x10006fd2        0x2 
 .rodata.ph_add_child_node.str1.4
                0x10006fd4       0x9e CMakeFiles/picow_pinmapper.dir/C_/Users/ASUS/.pico-sdk/sdk/1.5.1/src/common/pico_time/time.c.obj
 *fill*         0x10007072        0x2 
 .rodata.add_alarm_under_lock.str1.4
                0x10007074       0x28 CMakeFiles/picow_pinmapper.dir/C_/Users/ASUS/.pico-sdk/sdk/1.5.1/src/common/pico_time/time.c.obj
                                 0x2b (size before relaxing)
 .rodata.alarm_pool_alarm_callback.str1.4
                0x1000709c       0x98 CMakeFiles/picow_pinmapper.dir/C_/Users/ASUS/.pico-sdk/sdk/1.5.1/src/common/pico_time/time.c.obj
                                0x100 (size before relaxing)
 .rodata.alarm_pool_get_default.str1.4
                0x10007134       0x21 CMakeFiles/picow_pinmapper.dir/C_/Users/ASUS/.pico-sdk/sdk/1.5.1/src/common/pico_time/time.c.obj
 *fill*         0x10007155        0x3 
 .rodata.alarm_pool_cancel_alarm.str1.4
                0x10007158       0x27 CMakeFiles/picow_pinmapper.dir/C_/Users/ASUS/.pico-sdk/sdk/1.5.1/src/common/pico_time/time.c.obj
 *fill*         0x1000717f        0x1 
 .rodata.sleep_until.str1.4
                0x10007180       0x4d CMakeFiles/picow_pinmapper.dir/C_/Users/ASUS/.pico-sdk/sdk/1.5.1/src/common/pico_time/time.c.obj
 *fill*         0x100071cd        0x3 
 .rodata.__func__.1
                0x100071d0       0x18 CMakeFiles/picow_pinmapper.dir/C_/Users/ASUS/.pico-sdk/sdk/1.5.1/src/common/pico_time/time.c.obj
 .rodata.__func__.10
                0x100071e8       0x15 CMakeFiles/picow_pinmapper.dir/C_/Users/ASUS/.pico-sdk/sdk/1.5.1/src/common/pico_time/time.c.obj
 *fill*         0x100071fd        0x3 
 .rodata.__func__.11
                0x10007200       0x1a CMakeFiles/picow_pinmapper.dir/C_/Users/ASUS/.pico-sdk/sdk/1.5.1/src/common/pico_time/time.c.obj
 *fill*         0x1000721a        0x2 
 .rodata.__func__.12
                0x1000721c        0xa CMakeFiles/picow_pinmapper.dir/C_/Users/ASUS/.pico-sdk/sdk/1.5.1/src/common/pico_time/time.c.obj
 *fill*         0x10007226        0x2 
 .rodata.__func__.3
                0x10007228       0x17 CMakeFiles/picow_pinmapper.dir/C_/Users/ASUS/.pico-sdk/sdk/1.5.1/src/common/pico_time/time.c.obj
 *fill*         0x1000723f        0x1 
 .rodata.__func__.4
                0x10007240       0x12 CMakeFiles/picow_pinmapper.dir/C_/Users/ASUS/.pico-sdk/sdk/1.5.1/src/common/pico_time/time.c.obj
 *fill*         0x10007252        0x2 
 .rodata.__func__.5
                0x10007254        0xd CMakeFiles/picow_pinmapper.dir/C_/Users/ASUS/.pico-sdk/sdk/1.5.1/src/common/pico_time/time.c.obj
 *fill*         0x10007261        0x3 
 .rodata.__func__.6
                0x10007264       0x12 CMakeFiles/picow_pinmapper.dir/C_/Users/ASUS/.pico-sdk/sdk/1.5.1/src/common/pico_time/time.c.obj
 *fill*         0x10007276        0x2 
 .rodata.__func__.7
                0x10007278        0xf CMakeFiles/picow_pinmapper.dir/C_/Users/ASUS/.pico-sdk/sdk/1.5.1/src/common/pico_time/time.c.obj
 *fill*         0x10007287        0x1 
 .rodata.__func__.8
                0x10007288        0xc CMakeFiles/picow_pinmapper.dir/C_/Users/ASUS/.pico-sdk/sdk/1.5.1/src/common/pico_time/time.c.obj
 .rodata.__func__.9
                0x10007294       0x15 CMakeFiles/picow_pinmapper.dir/C_/Users/ASUS/.pico-sdk/sdk/1.5.1/src/common/pico_time/time.c.obj
 *fill*         0x100072a9        0x3 
 .rodata.hardware_alarm_claim.str1.4
                0x100072ac       0x22 CMakeFiles/picow_pinmapper.dir/C_/Users/ASUS/.pico-sdk/sdk/1.5.1/src/rp2_common/hardware_timer/timer.c.obj
 .rodata.busy_wait_us.str1.4
                0x100072ce       0x68 CMakeFiles/picow_pinmapper.dir/C_/Users/ASUS/.pico-sdk/sdk/1.5.1/src/rp2_common/hardware_timer/timer.c.obj
 *fill*         0x100072ce        0x2 
 .rodata.hardware_alarm_set_target.str1.4
                0x100072d0       0x6c CMakeFiles/picow_pinmapper.dir/C_/Users/ASUS/.pico-sdk/sdk/1.5.1/src/rp2_common/hardware_timer/timer.c.obj
 .rodata.__func__.0
                0x1000733c       0x1a CMakeFiles/picow_pinmapper.dir/C_/Users/ASUS/.pico-sdk/sdk/1.5.1/src/rp2_common/hardware_timer/timer.c.obj
 *fill*         0x10007356        0x2 
 .rodata.__func__.1
                0x10007358       0x15 CMakeFiles/picow_pinmapper.dir/C_/Users/ASUS/.pico-sdk/sdk/1.5.1/src/rp2_common/hardware_timer/timer.c.obj
 .rodata.ph_add_child_node.str1.4
                0x1000736d       0x9e CMakeFiles/picow_pinmapper.dir/C_/Users/ASUS/.pico-sdk/sdk/1.5.1/src/common/pico_util/pheap.c.obj
 *fill*         0x1000736d        0x3 
 .rodata.ph_remove_any_head.str1.4
                0x10007370       0x94 CMakeFiles/picow_pinmapper.dir/C_/Users/ASUS/.pico-sdk/sdk/1.5.1/src/common/pico_util/pheap.c.obj
                                 0xa8 (size before relaxing)
 .rodata.ph_remove_and_free_node.str1.4
                0x10007404       0x1e CMakeFiles/picow_pinmapper.dir/C_/Users/ASUS/.pico-sdk/sdk/1.5.1/src/common/pico_util/pheap.c.obj
                                 0x26 (size before relaxing)
 *fill*         0x10007422        0x2 
 .rodata.__func__.0
                0x10007424       0x18 CMakeFiles/picow_pinmapper.dir/C_/Users/ASUS/.pico-sdk/sdk/1.5.1/src/common/pico_util/pheap.c.obj
 .rodata.__func__.1
                0x1000743c       0x13 CMakeFiles/picow_pinmapper.dir/C_/Users/ASUS/.pico-sdk/sdk/1.5.1/src/common/pico_util/pheap.c.obj
 *fill*         0x1000744f        0x1 
 .rodata.__func__.2
                0x10007450       0x12 CMakeFiles/picow_pinmapper.dir/C_/Users/ASUS/.pico-sdk/sdk/1.5.1/src/common/pico_util/pheap.c.obj
 *fill*         0x10007462        0x2 
 .rodata.__func__.3
                0x10007464        0xc CMakeFiles/picow_pinmapper.dir/C_/Users/ASUS/.pico-sdk/sdk/1.5.1/src/common/pico_util/pheap.c.obj
 .rodata.clock_configure.str1.4
                0x10007470       0x5e CMakeFiles/picow_pinmapper.dir/C_/Users/ASUS/.pico-sdk/sdk/1.5.1/src/rp2_common/hardware_clocks/clocks.c.obj
 *fill*         0x100074ce        0x2 
 .rodata.__func__.1
                0x100074d0       0x10 CMakeFiles/picow_pinmapper.dir/C_/Users/ASUS/.pico-sdk/sdk/1.5.1/src/rp2_common/hardware_clocks/clocks.c.obj
 .rodata.pll_init.str1.4
                0x100074e0      0x128 CMakeFiles/picow_pinmapper.dir/C_/Users/ASUS/.pico-sdk/sdk/1.5.1/src/rp2_common/hardware_pll/pll.c.obj
 .rodata.__func__.0
                0x10007608        0x9 CMakeFiles/picow_pinmapper.dir/C_/Users/ASUS/.pico-sdk/sdk/1.5.1/src/rp2_common/hardware_pll/pll.c.obj
 *fill*         0x10007611        0x3 
 .rodata.__assert_func.str1.4
                0x10007614       0x3f CMakeFiles/picow_pinmapper.dir/C_/Users/ASUS/.pico-sdk/sdk/1.5.1/src/rp2_common/pico_runtime/runtime.c.obj
                                 0x43 (size before relaxing)
 *fill*         0x10007653        0x1 
 .rodata.runtime_init.str1.4
                0x10007654       0x68 CMakeFiles/picow_pinmapper.dir/C_/Users/ASUS/.pico-sdk/sdk/1.5.1/src/rp2_common/pico_runtime/runtime.c.obj
 .rodata.panic.str1.4
                0x100076bc       0x12 CMakeFiles/picow_pinmapper.dir/C_/Users/ASUS/.pico-sdk/sdk/1.5.1/src/rp2_common/pico_runtime/runtime.c.obj
 *fill*         0x100076ce        0x2 
 .rodata.__func__.2
                0x100076d0        0xd CMakeFiles/picow_pinmapper.dir/C_/Users/ASUS/.pico-sdk/sdk/1.5.1/src/rp2_common/pico_runtime/runtime.c.obj
 *fill*         0x100076dd        0x3 
 .rodata._ftoa.str1.4
                0x100076e0       0x15 CMakeFiles/picow_pinmapper.dir/C_/Users/ASUS/.pico-sdk/sdk/1.5.1/src/rp2_common/pico_printf/printf.c.obj
 *fill*         0x100076f5        0x3 
 .rodata._vsnprintf
                0x100076f8      0x1e0 CMakeFiles/picow_pinmapper.dir/C_/Users/ASUS/.pico-sdk/sdk/1.5.1/src/rp2_common/pico_printf/printf.c.obj
 .rodata.pow10.0
                0x100078d8       0x50 CMakeFiles/picow_pinmapper.dir/C_/Users/ASUS/.pico-sdk/sdk/1.5.1/src/rp2_common/pico_printf/printf.c.obj
 .rodata.missing_double_func_shim.str1.4
                0x10007928       0x18 CMakeFiles/picow_pinmapper.dir/C_/Users/ASUS/.pico-sdk/sdk/1.5.1/src/rp2_common/pico_double/double_init_rom.c.obj
 .rodata.__aeabi_double_init.str1.4
                0x10007940       0xa3 CMakeFiles/picow_pinmapper.dir/C_/Users/ASUS/.pico-sdk/sdk/1.5.1/src/rp2_common/pico_double/double_init_rom.c.obj
 *fill*         0x100079e3        0x1 
 .rodata.__func__.0
                0x100079e4       0x14 CMakeFiles/picow_pinmapper.dir/C_/Users/ASUS/.pico-sdk/sdk/1.5.1/src/rp2_common/pico_double/double_init_rom.c.obj
 .rodata.missing_float_func_shim.str1.4
                0x100079f8        0x1 CMakeFiles/picow_pinmapper.dir/C_/Users/ASUS/.pico-sdk/sdk/1.5.1/src/rp2_common/pico_float/float_init_rom.c.obj
 .rodata.__aeabi_float_init.str1.4
                0x100079f8       0x81 CMakeFiles/picow_pinmapper.dir/C_/Users/ASUS/.pico-sdk/sdk/1.5.1/src/rp2_common/pico_float/float_init_rom.c.obj
 *fill*         0x10007a79        0x3 
 .rodata.__func__.0
                0x10007a7c       0x13 CMakeFiles/picow_pinmapper.dir/C_/Users/ASUS/.pico-sdk/sdk/1.5.1/src/rp2_common/pico_float/float_init_rom.c.obj
 *fill*         0x10007a8f        0x1 
 .rodata.str1.4
                0x10007a90       0x48 CMakeFiles/picow_pinmapper.dir/C_/Users/ASUS/.pico-sdk/sdk/1.5.1/src/rp2_common/pico_standard_link/binary_info.c.obj
 .rodata.__bi_44
                0x10007ad8        0xc CMakeFiles/picow_pinmapper.dir/C_/Users/ASUS/.pico-sdk/sdk/1.5.1/src/rp2_common/pico_standard_link/binary_info.c.obj
 .rodata.__bi_56
                0x10007ae4        0xc CMakeFiles/picow_pinmapper.dir/C_/Users/ASUS/.pico-sdk/sdk/1.5.1/src/rp2_common/pico_standard_link/binary_info.c.obj
 .rodata.__bi_75
                0x10007af0        0xc CMakeFiles/picow_pinmapper.dir/C_/Users/ASUS/.pico-sdk/sdk/1.5.1/src/rp2_common/pico_standard_link/binary_info.c.obj
 .rodata.__bi_81
                0x10007afc        0xc CMakeFiles/picow_pinmapper.dir/C_/Users/ASUS/.pico-sdk/sdk/1.5.1/src/rp2_common/pico_standard_link/binary_info.c.obj
 .rodata.stdout_serialize_begin.str1.4
                0x10007b08       0x68 CMakeFiles/picow_pinmapper.dir/C_/Users/ASUS/.pico-sdk/sdk/1.5.1/src/rp2_common/pico_stdio/stdio.c.obj
 .rodata.__func__.3
                0x10007b08       0x15 CMakeFiles/picow_pinmapper.dir/C_/Users/ASUS/.pico-sdk/sdk/1.5.1/src/rp2_common/pico_stdio/stdio.c.obj
 *fill*         0x10007b1d        0x3 
 .rodata.crlf_str.2
                0x10007b20        0x2 CMakeFiles/picow_pinmapper.dir/C_/Users/ASUS/.pico-sdk/sdk/1.5.1/src/rp2_common/pico_stdio/stdio.c.obj
 *fill*         0x10007b22        0x2 
 .rodata._resetd_driver
                0x10007b24       0x18 CMakeFiles/picow_pinmapper.dir/C_/Users/ASUS/.pico-sdk/sdk/1.5.1/src/rp2_common/pico_stdio_usb/reset_interface.c.obj
 .rodata.low_priority_worker_irq.str1.4
                0x10007b3c       0x68 CMakeFiles/picow_pinmapper.dir/C_/Users/ASUS/.pico-sdk/sdk/1.5.1/src/rp2_common/pico_stdio_usb/stdio_usb.c.obj
 .rodata.stdio_usb_init.str1.4
                0x10007b3c       0x4c CMakeFiles/picow_pinmapper.dir/C_/Users/ASUS/.pico-sdk/sdk/1.5.1/src/rp2_common/pico_stdio_usb/stdio_usb.c.obj
                                 0x54 (size before relaxing)
 .rodata.str1.4
                0x10007b88       0x13 CMakeFiles/picow_pinmapper.dir/C_/Users/ASUS/.pico-sdk/sdk/1.5.1/src/rp2_common/pico_stdio_usb/stdio_usb.c.obj
 *fill*         0x10007b9b        0x1 
 .rodata.__bi_182.0
                0x10007b9c        0xc CMakeFiles/picow_pinmapper.dir/C_/Users/ASUS/.pico-sdk/sdk/1.5.1/src/rp2_common/pico_stdio_usb/stdio_usb.c.obj
 .rodata.__func__.1
                0x10007ba8        0xf CMakeFiles/picow_pinmapper.dir/C_/Users/ASUS/.pico-sdk/sdk/1.5.1/src/rp2_common/pico_stdio_usb/stdio_usb.c.obj
 *fill*         0x10007bb7        0x1 
 .rodata.__func__.3
                0x10007bb8       0x15 CMakeFiles/picow_pinmapper.dir/C_/Users/ASUS/.pico-sdk/sdk/1.5.1/src/rp2_common/pico_stdio_usb/stdio_usb.c.obj
 *fill*         0x10007bcd        0x3 
 .rodata.str1.4
                0x10007bd0       0x2a CMakeFiles/picow_pinmapper.dir/C_/Users/ASUS/.pico-sdk/sdk/1.5.1/src/rp2_common/pico_stdio_usb/stdio_usb_descriptors.c.obj
 *fill*         0x10007bfa        0x2 
 .rodata.usbd_desc_cfg
                0x10007bfc       0x54 CMakeFiles/picow_pinmapper.dir/C_/Users/ASUS/.pico-sdk/sdk/1.5.1/src/rp2_common/pico_stdio_usb/stdio_usb_descriptors.c.obj
 .rodata.usbd_desc_device
                0x10007c50       0x12 CMakeFiles/picow_pinmapper.dir/C_/Users/ASUS/.pico-sdk/sdk/1.5.1/src/rp2_common/pico_stdio_usb/stdio_usb_descriptors.c.obj
 *fill*         0x10007c62        0x2 
 .rodata.usbd_desc_str
                0x10007c64       0x18 CMakeFiles/picow_pinmapper.dir/C_/Users/ASUS/.pico-sdk/sdk/1.5.1/src/rp2_common/pico_stdio_usb/stdio_usb_descriptors.c.obj
 .rodata.pico_get_unique_board_id_string.str1.4
                0x10007c7c       0x54 CMakeFiles/picow_pinmapper.dir/C_/Users/ASUS/.pico-sdk/sdk/1.5.1/src/rp2_common/pico_unique_id/unique_id.c.obj
 .rodata.__func__.0
                0x10007cd0       0x20 CMakeFiles/picow_pinmapper.dir/C_/Users/ASUS/.pico-sdk/sdk/1.5.1/src/rp2_common/pico_unique_id/unique_id.c.obj
 .rodata.str1.4
                0x10007cf0      0x15e CMakeFiles/picow_pinmapper.dir/C_/Users/ASUS/.pico-sdk/sdk/1.5.1/src/rp2_common/hardware_flash/flash.c.obj
 *fill*         0x10007e4e        0x2 
 .rodata.__func__.0
                0x10007e50        0xd CMakeFiles/picow_pinmapper.dir/C_/Users/ASUS/.pico-sdk/sdk/1.5.1/src/rp2_common/hardware_flash/flash.c.obj
 *fill*         0x10007e5d        0x3 
 .rodata._hw_endpoint_alloc.str1.4
                0x10007e60       0xbd CMakeFiles/picow_pinmapper.dir/C_/Users/ASUS/.pico-sdk/sdk/1.5.1/lib/tinyusb/src/portable/raspberrypi/rp2040/dcd_rp2040.c.obj
 *fill*         0x10007f1d        0x3 
 .rodata.str1.4
                0x10007f20       0x14 CMakeFiles/picow_pinmapper.dir/C_/Users/ASUS/.pico-sdk/sdk/1.5.1/lib/tinyusb/src/portable/raspberrypi/rp2040/dcd_rp2040.c.obj
 .rodata.dcd_int_enable.str1.4
                0x10007f34        0xc CMakeFiles/picow_pinmapper.dir/C_/Users/ASUS/.pico-sdk/sdk/1.5.1/lib/tinyusb/src/portable/raspberrypi/rp2040/dcd_rp2040.c.obj
 .rodata.__func__.0
                0x10007f40        0xe CMakeFiles/picow_pinmapper.dir/C_/Users/ASUS/.pico-sdk/sdk/1.5.1/lib/tinyusb/src/portable/raspberrypi/rp2040/dcd_rp2040.c.obj
 *fill*         0x10007f4e        0x2 
 .rodata.__func__.1
                0x10007f50        0xe CMakeFiles/picow_pinmapper.dir/C_/Users/ASUS/.pico-sdk/sdk/1.5.1/lib/tinyusb/src/portable/raspberrypi/rp2040/dcd_rp2040.c.obj
 *fill*         0x10007f5e        0x2 
 .rodata.__func__.3
                0x10007f60       0x10 CMakeFiles/picow_pinmapper.dir/C_/Users/ASUS/.pico-sdk/sdk/1.5.1/lib/tinyusb/src/portable/raspberrypi/rp2040/dcd_rp2040.c.obj
 .rodata.__func__.5
                0x10007f70        0xf CMakeFiles/picow_pinmapper.dir/C_/Users/ASUS/.pico-sdk/sdk/1.5.1/lib/tinyusb/src/portable/raspberrypi/rp2040/dcd_rp2040.c.obj
 *fill*         0x10007f7f        0x1 
 .rodata.__func__.6
                0x10007f80       0x13 CMakeFiles/picow_pinmapper.dir/C_/Users/ASUS/.pico-sdk/sdk/1.5.1/lib/tinyusb/src/portable/raspberrypi/rp2040/dcd_rp2040.c.obj
 *fill*         0x10007f93        0x1 
 .rodata.__func__.7
                0x10007f94        0x9 CMakeFiles/picow_pinmapper.dir/C_/Users/ASUS/.pico-sdk/sdk/1.5.1/lib/tinyusb/src/portable/raspberrypi/rp2040/dcd_rp2040.c.obj
 *fill*         0x10007f9d        0x3 
 .rodata.str1.4
                0x10007fa0       0xef CMakeFiles/picow_pinmapper.dir/C_/Users/ASUS/.pico-sdk/sdk/1.5.1/lib/tinyusb/src/portable/raspberrypi/rp2040/rp2040_usb.c.obj
 *fill*         0x1000808f        0x1 
 .rodata.__func__.0
                0x10008090        0xf CMakeFiles/picow_pinmapper.dir/C_/Users/ASUS/.pico-sdk/sdk/1.5.1/lib/tinyusb/src/portable/raspberrypi/rp2040/rp2040_usb.c.obj
 *fill*         0x1000809f        0x1 
 .rodata.process_get_descriptor
                0x100080a0       0x40 CMakeFiles/picow_pinmapper.dir/C_/Users/ASUS/.pico-sdk/sdk/1.5.1/lib/tinyusb/src/device/usbd.c.obj
 .rodata.process_control_request
                0x100080e0       0x28 CMakeFiles/picow_pinmapper.dir/C_/Users/ASUS/.pico-sdk/sdk/1.5.1/lib/tinyusb/src/device/usbd.c.obj
 .rodata.tud_task_ext
                0x10008108       0x24 CMakeFiles/picow_pinmapper.dir/C_/Users/ASUS/.pico-sdk/sdk/1.5.1/lib/tinyusb/src/device/usbd.c.obj
 .rodata._usbd_driver
                0x1000812c       0x18 CMakeFiles/picow_pinmapper.dir/C_/Users/ASUS/.pico-sdk/sdk/1.5.1/lib/tinyusb/src/device/usbd.c.obj
                0x10008144                . = ALIGN (0x4)
 *(SORT_BY_ALIGNMENT(SORT_BY_NAME(.flashdata*)))
                0x10008144                . = ALIGN (0x4)

.ARM.extab
 *(.ARM.extab* .gnu.linkonce.armextab.*)
                0x10008144                __exidx_start = .

.ARM.exidx
 *(.ARM.exidx* .gnu.linkonce.armexidx.*)
                0x10008144                __exidx_end = .
                0x10008144                . = ALIGN (0x4)
                0x10008144                __binary_info_start = .

.binary_info    0x10008144       0x24
 *(.binary_info.keep.*)
 .binary_info.keep.__bi_ptr22
                0x10008144        0x4 CMakeFiles/picow_pinmapper.dir/C_/Users/ASUS/.pico-sdk/sdk/1.5.1/src/rp2_common/pico_standard_link/binary_info.c.obj
 .binary_info.keep.__bi_ptr30
                0x10008148        0x4 CMakeFiles/picow_pinmapper.dir/C_/Users/ASUS/.pico-sdk/sdk/1.5.1/src/rp2_common/pico_standard_link/binary_info.c.obj
 .binary_info.keep.__bi_ptr38
                0x1000814c        0x4 CMakeFiles/picow_pinmapper.dir/C_/Users/ASUS/.pico-sdk/sdk/1.5.1/src/rp2_common/pico_standard_link/binary_info.c.obj
 .binary_info.keep.__bi_ptr44
                0x10008150        0x4 CMakeFiles/picow_pinmapper.dir/C_/Users/ASUS/.pico-sdk/sdk/1.5.1/src/rp2_common/pico_standard_link/binary_info.c.obj
 .binary_info.keep.__bi_ptr50
                0x10008154        0x4 CMakeFiles/picow_pinmapper.dir/C_/Users/ASUS/.pico-sdk/sdk/1.5.1/src/rp2_common/pico_standard_link/binary_info.c.obj
 .binary_info.keep.__bi_ptr56
                0x10008158        0x4 CMakeFiles/picow_pinmapper.dir/C_/Users/ASUS/.pico-sdk/sdk/1.5.1/src/rp2_common/pico_standard_link/binary_info.c.obj
 .binary_info.keep.__bi_ptr75
                0x1000815c        0x4 CMakeFiles/picow_pinmapper.dir/C_/Users/ASUS/.pico-sdk/sdk/1.5.1/src/rp2_common/pico_standard_link/binary_info.c.obj
 .binary_info.keep.__bi_ptr81
                0x10008160        0x4 CMakeFiles/picow_pinmapper.dir/C_/Users/ASUS/.pico-sdk/sdk/1.5.1/src/rp2_common/pico_standard_link/binary_info.c.obj
 *(.binary_info.*)
 .binary_info.__bi_ptr182
                0x10008164        0x4 CMakeFiles/picow_pinmapper.dir/C_/Users/ASUS/.pico-sdk/sdk/1.5.1/src/rp2_common/pico_stdio_usb/stdio_usb.c.obj
                0x10008168                __binary_info_end = .

.rel.dyn        0x10008168        0x0
 .rel.iplt      0x10008168        0x0 c:/progra~2/gnuarm~1/102021~1.10/bin/../lib/gcc/arm-none-eabi/10.3.1/thumb/v6-m/nofp/crtbegin.o
                0x10008168                . = ALIGN (0x4)

.ram_vector_table
                0x20000000       0xc0
 *(.ram_vector_table)
 .ram_vector_table
                0x20000000       0xc0 CMakeFiles/picow_pinmapper.dir/C_/Users/ASUS/.pico-sdk/sdk/1.5.1/src/rp2_common/pico_runtime/runtime.c.obj
                0x20000000                ram_vector_table

.data           0x200000c0      0xbf0 load address 0x10008168
                0x200000c0                __data_start__ = .
 *(vtable)
 *(.time_critical*)
 .time_critical.mutex_try_enter
                0x200000c0       0x46 CMakeFiles/picow_pinmapper.dir/C_/Users/ASUS/.pico-sdk/sdk/1.5.1/src/common/pico_sync/mutex.c.obj
                0x200000c0                mutex_try_enter
 *fill*         0x20000106        0x2 
 .time_critical.mutex_enter_block_until
                0x20000108       0x8c CMakeFiles/picow_pinmapper.dir/C_/Users/ASUS/.pico-sdk/sdk/1.5.1/src/common/pico_sync/mutex.c.obj
                0x20000108                mutex_enter_block_until
 .time_critical.mutex_try_enter_block_until
                0x20000194       0x34 CMakeFiles/picow_pinmapper.dir/C_/Users/ASUS/.pico-sdk/sdk/1.5.1/src/common/pico_sync/mutex.c.obj
                0x20000194                mutex_try_enter_block_until
 .time_critical.mutex_enter_timeout_ms
                0x200001c8       0x68 CMakeFiles/picow_pinmapper.dir/C_/Users/ASUS/.pico-sdk/sdk/1.5.1/src/common/pico_sync/mutex.c.obj
                0x200001c8                mutex_enter_timeout_ms
 .time_critical.mutex_exit
                0x20000230       0x4c CMakeFiles/picow_pinmapper.dir/C_/Users/ASUS/.pico-sdk/sdk/1.5.1/src/common/pico_sync/mutex.c.obj
                0x20000230                mutex_exit
 .time_critical.flash_init_boot2_copyout
                0x2000027c       0x30 CMakeFiles/picow_pinmapper.dir/C_/Users/ASUS/.pico-sdk/sdk/1.5.1/src/rp2_common/hardware_flash/flash.c.obj
 .time_critical.flash_enable_xip_via_boot2
                0x200002ac       0x10 CMakeFiles/picow_pinmapper.dir/C_/Users/ASUS/.pico-sdk/sdk/1.5.1/src/rp2_common/hardware_flash/flash.c.obj
 .time_critical.flash_cs_force
                0x200002bc       0x28 CMakeFiles/picow_pinmapper.dir/C_/Users/ASUS/.pico-sdk/sdk/1.5.1/src/rp2_common/hardware_flash/flash.c.obj
 .time_critical.flash_do_cmd
                0x200002e4       0xd8 CMakeFiles/picow_pinmapper.dir/C_/Users/ASUS/.pico-sdk/sdk/1.5.1/src/rp2_common/hardware_flash/flash.c.obj
                0x200002e4                flash_do_cmd
 .time_critical.reset_non_control_endpoints
                0x200003bc       0x40 CMakeFiles/picow_pinmapper.dir/C_/Users/ASUS/.pico-sdk/sdk/1.5.1/lib/tinyusb/src/portable/raspberrypi/rp2040/dcd_rp2040.c.obj
 .time_critical.hw_handle_buff_status
                0x200003fc       0xa4 CMakeFiles/picow_pinmapper.dir/C_/Users/ASUS/.pico-sdk/sdk/1.5.1/lib/tinyusb/src/portable/raspberrypi/rp2040/dcd_rp2040.c.obj
 .time_critical.dcd_rp2040_irq
                0x200004a0      0x1cc CMakeFiles/picow_pinmapper.dir/C_/Users/ASUS/.pico-sdk/sdk/1.5.1/lib/tinyusb/src/portable/raspberrypi/rp2040/dcd_rp2040.c.obj
 .time_critical.e15_is_bulkin_ep
                0x2000066c       0x2c CMakeFiles/picow_pinmapper.dir/C_/Users/ASUS/.pico-sdk/sdk/1.5.1/lib/tinyusb/src/portable/raspberrypi/rp2040/rp2040_usb.c.obj
 .time_critical.e15_is_critical_frame_period
                0x20000698       0x30 CMakeFiles/picow_pinmapper.dir/C_/Users/ASUS/.pico-sdk/sdk/1.5.1/lib/tinyusb/src/portable/raspberrypi/rp2040/rp2040_usb.c.obj
 .time_critical.prepare_ep_buffer
                0x200006c8       0x70 CMakeFiles/picow_pinmapper.dir/C_/Users/ASUS/.pico-sdk/sdk/1.5.1/lib/tinyusb/src/portable/raspberrypi/rp2040/rp2040_usb.c.obj
 .time_critical.sync_ep_buffer
                0x20000738       0x80 CMakeFiles/picow_pinmapper.dir/C_/Users/ASUS/.pico-sdk/sdk/1.5.1/lib/tinyusb/src/portable/raspberrypi/rp2040/rp2040_usb.c.obj
 .time_critical._hw_endpoint_xfer_sync
                0x200007b8       0x28 CMakeFiles/picow_pinmapper.dir/C_/Users/ASUS/.pico-sdk/sdk/1.5.1/lib/tinyusb/src/portable/raspberrypi/rp2040/rp2040_usb.c.obj
 .time_critical.hw_endpoint_reset_transfer
                0x200007e0        0xc CMakeFiles/picow_pinmapper.dir/C_/Users/ASUS/.pico-sdk/sdk/1.5.1/lib/tinyusb/src/portable/raspberrypi/rp2040/rp2040_usb.c.obj
                0x200007e0                hw_endpoint_reset_transfer
 .time_critical._hw_endpoint_buffer_control_update32
                0x200007ec       0x58 CMakeFiles/picow_pinmapper.dir/C_/Users/ASUS/.pico-sdk/sdk/1.5.1/lib/tinyusb/src/portable/raspberrypi/rp2040/rp2040_usb.c.obj
                0x200007ec                _hw_endpoint_buffer_control_update32
 .time_critical.hw_endpoint_start_next_buffer
                0x20000844       0x88 CMakeFiles/picow_pinmapper.dir/C_/Users/ASUS/.pico-sdk/sdk/1.5.1/lib/tinyusb/src/portable/raspberrypi/rp2040/rp2040_usb.c.obj
                0x20000844                hw_endpoint_start_next_buffer
 .time_critical.hw_endpoint_xfer_continue
                0x200008cc       0x50 CMakeFiles/picow_pinmapper.dir/C_/Users/ASUS/.pico-sdk/sdk/1.5.1/lib/tinyusb/src/portable/raspberrypi/rp2040/rp2040_usb.c.obj
                0x200008cc                hw_endpoint_xfer_continue
 .time_critical.tinyusb
                0x2000091c      0x200 CMakeFiles/picow_pinmapper.dir/C_/Users/ASUS/.pico-sdk/sdk/1.5.1/lib/tinyusb/src/device/usbd.c.obj
                0x2000091c                dcd_event_handler
 *(.text*)
 .text          0x20000b1c        0x4 c:/progra~2/gnuarm~1/102021~1.10/bin/../lib/gcc/arm-none-eabi/10.3.1/thumb/v6-m/nofp\libgcc.a(_dvmd_tls.o)
                0x20000b1c                __aeabi_idiv0
                0x20000b1c                __aeabi_ldiv0
 .text.__stub   0x20000b20       0x90 linker stubs
                0x20000bb0                . = ALIGN (0x4)
 *(.rodata*)
                0x20000bb0                . = ALIGN (0x4)
 *(.data*)
 .data.striped_spin_lock_num
                0x20000bb0        0x1 CMakeFiles/picow_pinmapper.dir/C_/Users/ASUS/.pico-sdk/sdk/1.5.1/src/rp2_common/hardware_sync/sync.c.obj
 *fill*         0x20000bb1        0x3 
 .data          0x20000bb4       0x48 CMakeFiles/picow_pinmapper.dir/C_/Users/ASUS/.pico-sdk/sdk/1.5.1/src/rp2_common/hardware_irq/irq_handler_chain.S.obj
                0x20000bb4                irq_handler_chain_slots
                0x20000be4                irq_handler_chain_first_slot
                0x20000bee                irq_handler_chain_remove_tail
 .data.default_alarm_pool
                0x20000bfc       0x18 CMakeFiles/picow_pinmapper.dir/C_/Users/ASUS/.pico-sdk/sdk/1.5.1/src/common/pico_time/time.c.obj
 .data.default_alarm_pool_heap
                0x20000c14       0x10 CMakeFiles/picow_pinmapper.dir/C_/Users/ASUS/.pico-sdk/sdk/1.5.1/src/common/pico_time/time.c.obj
 *fill*         0x20000c24        0xc 
 .data.aeabi_bits_funcs
                0x20000c30       0x10 CMakeFiles/picow_pinmapper.dir/C_/Users/ASUS/.pico-sdk/sdk/1.5.1/src/rp2_common/pico_bit_ops/bit_ops_aeabi.S.obj
                0x20000c30                aeabi_bits_funcs
                0x20000c40                aeabi_bits_funcs_end
 .data.aeabi_mem_funcs
                0x20000c40       0x10 CMakeFiles/picow_pinmapper.dir/C_/Users/ASUS/.pico-sdk/sdk/1.5.1/src/rp2_common/pico_mem_ops/mem_ops_aeabi.S.obj
                0x20000c40                aeabi_mem_funcs
                0x20000c50                aeabi_mem_funcs_end
 .data.stdio_usb
                0x20000c50       0x18 CMakeFiles/picow_pinmapper.dir/C_/Users/ASUS/.pico-sdk/sdk/1.5.1/src/rp2_common/pico_stdio_usb/stdio_usb.c.obj
                0x20000c50                stdio_usb
 .data.ep_dir_string
                0x20000c68        0x8 CMakeFiles/picow_pinmapper.dir/C_/Users/ASUS/.pico-sdk/sdk/1.5.1/lib/tinyusb/src/portable/raspberrypi/rp2040/rp2040_usb.c.obj
                0x20000c68                ep_dir_string
 .data._usbd_qdef
                0x20000c70       0x1c CMakeFiles/picow_pinmapper.dir/C_/Users/ASUS/.pico-sdk/sdk/1.5.1/lib/tinyusb/src/device/usbd.c.obj
                0x20000c70                _usbd_qdef
 .data._usbd_rhport
                0x20000c8c        0x1 CMakeFiles/picow_pinmapper.dir/C_/Users/ASUS/.pico-sdk/sdk/1.5.1/lib/tinyusb/src/device/usbd.c.obj
                0x20000c90                . = ALIGN (0x4)
 *fill*         0x20000c8d        0x3 
 *(.after_data.*)
                0x20000c90                . = ALIGN (0x4)
                0x20000c90                PROVIDE (__mutex_array_start = .)
 *(SORT_BY_NAME(.mutex_array.*))
 *(.mutex_array)
 .mutex_array   0x20000c90        0x8 CMakeFiles/picow_pinmapper.dir/C_/Users/ASUS/.pico-sdk/sdk/1.5.1/src/rp2_common/pico_stdio/stdio.c.obj
                0x20000c98                PROVIDE (__mutex_array_end = .)
                0x20000c98                . = ALIGN (0x4)
                0x20000c98                PROVIDE (__preinit_array_start = .)
 *(SORT_BY_NAME(.preinit_array.*))
 .preinit_array.00001
                0x20000c98        0x4 CMakeFiles/picow_pinmapper.dir/C_/Users/ASUS/.pico-sdk/sdk/1.5.1/src/rp2_common/pico_mem_ops/mem_ops_aeabi.S.obj
 .preinit_array.00010
                0x20000c9c        0x4 CMakeFiles/picow_pinmapper.dir/C_/Users/ASUS/.pico-sdk/sdk/1.5.1/src/rp2_common/pico_bit_ops/bit_ops_aeabi.S.obj
 .preinit_array.00020
                0x20000ca0        0x4 CMakeFiles/picow_pinmapper.dir/C_/Users/ASUS/.pico-sdk/sdk/1.5.1/src/rp2_common/pico_double/double_aeabi.S.obj
 .preinit_array.00020
                0x20000ca4        0x4 CMakeFiles/picow_pinmapper.dir/C_/Users/ASUS/.pico-sdk/sdk/1.5.1/src/rp2_common/pico_float/float_aeabi.S.obj
 *(.preinit_array)
                0x20000ca8                PROVIDE (__preinit_array_end = .)
                0x20000ca8                . = ALIGN (0x4)
                0x20000ca8                PROVIDE (__init_array_start = .)
 *(SORT_BY_NAME(.init_array.*))
 *(.init_array)
 .init_array    0x20000ca8        0x4 c:/progra~2/gnuarm~1/102021~1.10/bin/../lib/gcc/arm-none-eabi/10.3.1/thumb/v6-m/nofp/crtbegin.o
 .init_array    0x20000cac        0x4 CMakeFiles/picow_pinmapper.dir/C_/Users/ASUS/.pico-sdk/sdk/1.5.1/src/rp2_common/pico_unique_id/unique_id.c.obj
                0x20000cb0                PROVIDE (__init_array_end = .)
                0x20000cb0                . = ALIGN (0x4)
                [!provide]                PROVIDE (__fini_array_start = .)
 *(SORT_BY_NAME(.fini_array.*))
 *(.fini_array)
                [!provide]                PROVIDE (__fini_array_end = .)
 *(.jcr)
                0x20000cb0                . = ALIGN (0x4)
                0x20000cb0                __data_end__ = .
                0x10008168                __etext = LOADADDR (.data)

.igot.plt       0x20000cb0        0x0 load address 0x10008d58
 .igot.plt      0x20000cb0        0x0 c:/progra~2/gnuarm~1/102021~1.10/bin/../lib/gcc/arm-none-eabi/10.3.1/thumb/v6-m/nofp/crtbegin.o

.uninitialized_data
                0x20000cb0        0x0 load address 0x10008d58
                0x20000cb0                . = ALIGN (0x4)
 *(.uninitialized_data*)

.scratch_x      0x20040000        0x0 load address 0x10008d58
                0x20040000                __scratch_x_start__ = .
 *(.scratch_x.*)
                0x20040000                . = ALIGN (0x4)
                0x20040000                __scratch_x_end__ = .
                0x10008d58                __scratch_x_source__ = LOADADDR (.scratch_x)

.scratch_y      0x20041000        0x0 load address 0x10008d58
                0x20041000                __scratch_y_start__ = .
 *(.scratch_y.*)
                0x20041000                . = ALIGN (0x4)
                0x20041000                __scratch_y_end__ = .
                0x10008d58                __scratch_y_source__ = LOADADDR (.scratch_y)

.bss            0x20000cb0      0xd88
                0x20000cb0                . = ALIGN (0x4)